Archive member included because of file (symbol)

C:\Users\syp\AppData\Local\arduino15\packages\Intel\hardware\arc32\1.0.5\variants\arduino_101\libarc32drv_arduino101.a(c_init.o)
                              (--whole-archive)
C:\Users\syp\AppData\Local\arduino15\packages\Intel\hardware\arc32\1.0.5\variants\arduino_101\libarc32drv_arduino101.a(interrupt.o)
                              (--whole-archive)
C:\Users\syp\AppData\Local\arduino15\packages\Intel\hardware\arc32\1.0.5\variants\arduino_101\libarc32drv_arduino101.a(version.o)
                              (--whole-archive)
C:\Users\syp\AppData\Local\arduino15\packages\Intel\hardware\arc32\1.0.5\variants\arduino_101\libarc32drv_arduino101.a(arcv2_timer0.o)
                              (--whole-archive)
C:\Users\syp\AppData\Local\arduino15\packages\Intel\hardware\arc32\1.0.5\variants\arduino_101\libarc32drv_arduino101.a(ipc_uart_ns16550.o)
                              (--whole-archive)
C:\Users\syp\AppData\Local\arduino15\packages\Intel\hardware\arc32\1.0.5\variants\arduino_101\libarc32drv_arduino101.a(ns16550.o)
                              (--whole-archive)
C:\Users\syp\AppData\Local\arduino15\packages\Intel\hardware\arc32\1.0.5\variants\arduino_101\libarc32drv_arduino101.a(soc_gpio.o)
                              (--whole-archive)
C:\Users\syp\AppData\Local\arduino15\packages\Intel\hardware\arc32\1.0.5\variants\arduino_101\libarc32drv_arduino101.a(ss_dw_i2c.o)
                              (--whole-archive)
C:\Users\syp\AppData\Local\arduino15\packages\Intel\hardware\arc32\1.0.5\variants\arduino_101\libarc32drv_arduino101.a(ss_gpio_iface.o)
                              (--whole-archive)
C:\Users\syp\AppData\Local\arduino15\packages\Intel\hardware\arc32\1.0.5\variants\arduino_101\libarc32drv_arduino101.a(ss_i2c_iface.o)
                              (--whole-archive)
C:\Users\syp\AppData\Local\arduino15\packages\Intel\hardware\arc32\1.0.5\variants\arduino_101\libarc32drv_arduino101.a(cfw_platform.o)
                              (--whole-archive)
C:\Users\syp\AppData\Local\arduino15\packages\Intel\hardware\arc32\1.0.5\variants\arduino_101\libarc32drv_arduino101.a(nordic_interface.o)
                              (--whole-archive)
C:\Users\syp\AppData\Local\arduino15\packages\Intel\hardware\arc32\1.0.5\variants\arduino_101\libarc32drv_arduino101.a(ble_service_gap_api.o)
                              (--whole-archive)
C:\Users\syp\AppData\Local\arduino15\packages\Intel\hardware\arc32\1.0.5\variants\arduino_101\libarc32drv_arduino101.a(ble_service_gatts_api.o)
                              (--whole-archive)
C:\Users\syp\AppData\Local\arduino15\packages\Intel\hardware\arc32\1.0.5\variants\arduino_101\libarc32drv_arduino101.a(ble_service_utils.o)
                              (--whole-archive)
C:\Users\syp\AppData\Local\arduino15\packages\Intel\hardware\arc32\1.0.5\variants\arduino_101\libarc32drv_arduino101.a(cfw_debug.o)
                              (--whole-archive)
C:\Users\syp\AppData\Local\arduino15\packages\Intel\hardware\arc32\1.0.5\variants\arduino_101\libarc32drv_arduino101.a(client_api.o)
                              (--whole-archive)
C:\Users\syp\AppData\Local\arduino15\packages\Intel\hardware\arc32\1.0.5\variants\arduino_101\libarc32drv_arduino101.a(service_api.o)
                              (--whole-archive)
C:\Users\syp\AppData\Local\arduino15\packages\Intel\hardware\arc32\1.0.5\variants\arduino_101\libarc32drv_arduino101.a(service_manager.o)
                              (--whole-archive)
C:\Users\syp\AppData\Local\arduino15\packages\Intel\hardware\arc32\1.0.5\variants\arduino_101\libarc32drv_arduino101.a(factory_data.o)
                              (--whole-archive)
C:\Users\syp\AppData\Local\arduino15\packages\Intel\hardware\arc32\1.0.5\variants\arduino_101\libarc32drv_arduino101.a(ipc.o)
                              (--whole-archive)
C:\Users\syp\AppData\Local\arduino15\packages\Intel\hardware\arc32\1.0.5\variants\arduino_101\libarc32drv_arduino101.a(ipc_callback.o)
                              (--whole-archive)
C:\Users\syp\AppData\Local\arduino15\packages\Intel\hardware\arc32\1.0.5\variants\arduino_101\libarc32drv_arduino101.a(log.o)
                              (--whole-archive)
C:\Users\syp\AppData\Local\arduino15\packages\Intel\hardware\arc32\1.0.5\variants\arduino_101\libarc32drv_arduino101.a(log_impl_printk.o)
                              (--whole-archive)
C:\Users\syp\AppData\Local\arduino15\packages\Intel\hardware\arc32\1.0.5\variants\arduino_101\libarc32drv_arduino101.a(port.o)
                              (--whole-archive)
C:\Users\syp\AppData\Local\arduino15\packages\Intel\hardware\arc32\1.0.5\variants\arduino_101\libarc32drv_arduino101.a(uptime.o)
                              (--whole-archive)
C:\Users\syp\AppData\Local\arduino15\packages\Intel\hardware\arc32\1.0.5\variants\arduino_101\libarc32drv_arduino101.a(list.o)
                              (--whole-archive)
[...]
Memory Configuration

Name             Origin             Length             Attributes
FLASH            0x40034000         0x00026000         xr
SRAM             0xa800e000         0x00006000         xw
DCCM             0x80000000         0x00002000         xw
*default*        0x00000000         0xffffffff

Linker script and memory map

LOAD C:\Users\syp\AppData\Local\arduino15\packages\Intel\hardware\arc32\1.0.5\variants\arduino_101\libarc32drv_arduino101.a
START GROUP
LOAD C:\Users\syp\AppData\Local\arduino15\packages\Intel\hardware\arc32\1.0.5\variants\arduino_101\libarc32drv_arduino101.a
LOAD c:/users/syp/appdata/local/arduino15/packages/intel/tools/arc-elf32/1.6.4+1.0/bin/../lib/gcc/arc-elf32/4.8.3/../../../../arc-elf32/lib\libc.a
LOAD c:/users/syp/appdata/local/arduino15/packages/intel/tools/arc-elf32/1.6.4+1.0/bin/../lib/gcc/arc-elf32/4.8.3/../../../../arc-elf32/lib\libm.a
LOAD c:/users/syp/appdata/local/arduino15/packages/intel/tools/arc-elf32/1.6.4+1.0/bin/../lib/gcc/arc-elf32/4.8.3\libgcc.a
LOAD C:\Users\syp\AppData\Local\Temp\VMicroBuilds\spider\Intel_intel_arc32_arduino_101\spider.cpp.o
LOAD C:\Users\syp\AppData\Local\Temp\VMicroBuilds\spider\Intel_intel_arc32_arduino_101\CurieIMU\BMI160.cpp.o
LOAD C:\Users\syp\AppData\Local\Temp\VMicroBuilds\spider\Intel_intel_arc32_arduino_101\CurieIMU\CurieIMU.cpp.o
LOAD C:\Users\syp\AppData\Local\Temp\VMicroBuilds\spider\Intel_intel_arc32_arduino_101\CurieIMU\internal\ss_spi.c.o
LOAD C:\Users\syp\AppData\Local\Temp\VMicroBuilds\spider\Intel_intel_arc32_arduino_101\CurieBLE\BLEAttribute.cpp.o
LOAD C:\Users\syp\AppData\Local\Temp\VMicroBuilds\spider\Intel_intel_arc32_arduino_101\CurieBLE\BLECentral.cpp.o
LOAD C:\Users\syp\AppData\Local\Temp\VMicroBuilds\spider\Intel_intel_arc32_arduino_101\CurieBLE\BLECharacteristic.cpp.o
LOAD C:\Users\syp\AppData\Local\Temp\VMicroBuilds\spider\Intel_intel_arc32_arduino_101\CurieBLE\BLEDescriptor.cpp.o
LOAD C:\Users\syp\AppData\Local\Temp\VMicroBuilds\spider\Intel_intel_arc32_arduino_101\CurieBLE\BLEPeripheral.cpp.o
LOAD C:\Users\syp\AppData\Local\Temp\VMicroBuilds\spider\Intel_intel_arc32_arduino_101\CurieBLE\BLEService.cpp.o
LOAD C:\Users\syp\AppData\Local\Temp\VMicroBuilds\spider\Intel_intel_arc32_arduino_101\CurieBLE\BLETypedCharacteristics.cpp.o
LOAD C:\Users\syp\AppData\Local\Temp\VMicroBuilds\spider\Intel_intel_arc32_arduino_101\CurieBLE\BLEUuid.cpp.o
LOAD C:\Users\syp\AppData\Local\Temp\VMicroBuilds\spider\Intel_intel_arc32_arduino_101\CurieBLE\internal\ble_client.c.o
LOAD C:\Users\syp\AppData\Local\Temp\VMicroBuilds\spider\Intel_intel_arc32_arduino_101\VM_DBG\VM_DBG.cpp.o
LOAD C:\Users\syp\AppData\Local\Temp\VMicroBuilds\spider\Intel_intel_arc32_arduino_101\Wire\Wire.cpp.o
LOAD C:\Users\syp\AppData\Local\Temp\VMicroBuilds\spider\Intel_intel_arc32_arduino_101\soft_i2c.c.o
LOAD C:\Users\syp\AppData\Local\Temp\VMicroBuilds\spider\Intel_intel_arc32_arduino_101\I2Cdev.cpp.o
LOAD C:\Users\syp\AppData\Local\Temp\VMicroBuilds\spider\Intel_intel_arc32_arduino_101\MPU6050.cpp.o
LOAD C:\Users\syp\AppData\Local\Temp\VMicroBuilds\spider\Intel_intel_arc32_arduino_101\SpiderMotor.cpp.o
LOAD C:\Users\syp\AppData\Local\Temp\VMicroBuilds\spider\Intel_intel_arc32_arduino_101\task.cpp.o
LOAD C:\Users\syp\AppData\Local\Temp\VMicroBuilds\spider\Intel_intel_arc32_arduino_101/core.a
                0x00000800                __stack_size = 0x800
                0x00000200                __firq_stack_size = 0x200
                0x00002000                __HEAP_SIZE_MIN = 0x2000
                0x00001000                __PAGE_SIZE = 0x1000

text            0x40034000     0xd464
                0x40034000                __text_start = .
 *(.int_vector_table)
 .int_vector_table
                0x40034000      0x110 C:\Users\syp\AppData\Local\arduino15\packages\Intel\hardware\arc32\1.0.5\variants\arduino_101\libarc32drv_arduino101.a(init.o)
 *(.int_vector_table.*)
 *(.version_header)
 .version_header
                0x40034110       0x30 C:\Users\syp\AppData\Local\arduino15\packages\Intel\hardware\arc32\1.0.5\variants\arduino_101\libarc32drv_arduino101.a(version.o)
                0x40034110                version_header
 *(.version_header*)
 *(.text)
 .text          0x40034140       0x70 C:\Users\syp\AppData\Local\arduino15\packages\Intel\hardware\arc32\1.0.5\variants\arduino_101\libarc32drv_arduino101.a(init.o)
                0x40034168                _do_fault
                0x40034184                _do_isr
 .text          0x400341b0       0x5c c:/users/syp/appdata/local/arduino15/packages/intel/tools/arc-elf32/1.6.4+1.0/bin/../lib/gcc/arc-elf32/4.8.3/../../../../arc-elf32/lib\libc.a(lib_a-malloc.o)
                0x400341b0                malloc
                0x400341e0                free
 .text          0x4003420c      0xbdc c:/users/syp/appdata/local/arduino15/packages/intel/tools/arc-elf32/1.6.4+1.0/bin/../lib/gcc/arc-elf32/4.8.3/../../../../arc-elf32/lib\libc.a(lib_a-mallocr.o)
                0x40034508                _malloc_r
 .text          0x40034de8       0x80 c:/users/syp/appdata/local/arduino15/packages/intel/tools/arc-elf32/1.6.4+1.0/bin/../lib/gcc/arc-elf32/4.8.3/../../../../arc-elf32/lib\libc.a(lib_a-memcpy-700.o)
                0x40034de8                memcpy
 .text          0x40034e68       0x6c c:/users/syp/appdata/local/arduino15/packages/intel/tools/arc-elf32/1.6.4+1.0/bin/../lib/gcc/arc-elf32/4.8.3/../../../../arc-elf32/lib\libc.a(lib_a-memset.o)
                0x40034e68                memset
                0x40034ebc                __strncpy_bzero
 .text          0x40034ed4       0x28 c:/users/syp/appdata/local/arduino15/packages/intel/tools/arc-elf32/1.6.4+1.0/bin/../lib/gcc/arc-elf32/4.8.3/../../../../arc-elf32/lib\libc.a(lib_a-mlock.o)
                0x40034ed4                __malloc_lock
                0x40034ee8                __malloc_unlock
 .text          0x40034efc       0x94 c:/users/syp/appdata/local/arduino15/packages/intel/tools/arc-elf32/1.6.4+1.0/bin/../lib/gcc/arc-elf32/4.8.3/../../../../arc-elf32/lib\libc.a(lib_a-sbrk.o)
                0x40034efc                _sbrk_r
 .text          0x40034f90       0xb4 c:/users/syp/appdata/local/arduino15/packages/intel/tools/arc-elf32/1.6.4+1.0/bin/../lib/gcc/arc-elf32/4.8.3/../../../../arc-elf32/lib\libc.a(lib_a-strcpy-600.o)
                0x40034f90                strcpy
 .text          0x40035044       0x88 c:/users/syp/appdata/local/arduino15/packages/intel/tools/arc-elf32/1.6.4+1.0/bin/../lib/gcc/arc-elf32/4.8.3/../../../../arc-elf32/lib\libc.a(lib_a-strlen.o)
                0x40035044                strlen
 .text          0x400350cc      0x5ac c:/users/syp/appdata/local/arduino15/packages/intel/tools/arc-elf32/1.6.4+1.0/bin/../lib/gcc/arc-elf32/4.8.3/../../../../arc-elf32/lib\libc.a(lib_a-freer.o)
                0x400350cc                _free_r
                0x40035508                _malloc_trim_r
 .text          0x40035678        0x4 c:/users/syp/appdata/local/arduino15/packages/intel/tools/arc-elf32/1.6.4+1.0/bin/../lib/gcc/arc-elf32/4.8.3\libgcc.a(_udivsi3.o)
                0x40035678                __udivsi3
 .text          0x4003567c       0x10 c:/users/syp/appdata/local/arduino15/packages/intel/tools/arc-elf32/1.6.4+1.0/bin/../lib/gcc/arc-elf32/4.8.3\libgcc.a(_umodsi3.o)
                0x4003567c                __umodsi3
 .text          0x4003568c       0x70 c:/users/syp/appdata/local/arduino15/packages/intel/tools/arc-elf32/1.6.4+1.0/bin/../lib/gcc/arc-elf32/4.8.3\libgcc.a(_divmod_tools.o)
                0x4003568c                __udivmodsi4
 .text          0x400356fc       0x30 c:/users/syp/appdata/local/arduino15/packages/intel/tools/arc-elf32/1.6.4+1.0/bin/../lib/gcc/arc-elf32/4.8.3\libgcc.a(_millicodethunk_st.o)
                0x400356fc                __st_r13_to_r25
                0x40035700                __st_r13_to_r24
                0x40035704                __st_r13_to_r23
                0x40035708                __st_r13_to_r22
                0x4003570c                __st_r13_to_r21
                0x40035710                __st_r13_to_r20
                0x40035714                __st_r13_to_r19
                0x40035718                __st_r13_to_r18
                0x4003571c                __st_r13_to_r17
                0x40035720                __st_r13_to_r16
                0x40035724                __st_r13_to_r15
 .text          0x4003572c       0x30 c:/users/syp/appdata/local/arduino15/packages/intel/tools/arc-elf32/1.6.4+1.0/bin/../lib/gcc/arc-elf32/4.8.3\libgcc.a(_millicodethunk_ld.o)
                0x4003572c                __ld_r13_to_r25
                0x40035730                __ld_r13_to_r24
                0x40035734                __ld_r13_to_r23
                0x40035738                __ld_r13_to_r22
                0x4003573c                __ld_r13_to_r21
                0x40035740                __ld_r13_to_r20
                0x40035744                __ld_r13_to_r19
                0x40035748                __ld_r13_to_r18
                0x4003574c                __ld_r13_to_r17
                0x40035750                __ld_r13_to_r16
                0x40035754                __ld_r13_to_r15
 .text          0x4003575c       0x3c c:/users/syp/appdata/local/arduino15/packages/intel/tools/arc-elf32/1.6.4+1.0/bin/../lib/gcc/arc-elf32/4.8.3\libgcc.a(_millicodethunk_ret.o)
                0x4003575c                __ld_r13_to_r25_ret
                0x40035760                __ld_r13_to_r24_ret
                0x40035764                __ld_r13_to_r23_ret
                0x40035768                __ld_r13_to_r22_ret
                0x4003576c                __ld_r13_to_r21_ret
                0x40035770                __ld_r13_to_r20_ret
                0x40035774                __ld_r13_to_r19_ret
                0x40035778                __ld_r13_to_r18_ret
                0x4003577c                __ld_r13_to_r17_ret
                0x40035780                __ld_r13_to_r16_ret
                0x40035784                __ld_r13_to_r15_ret
                0x40035788                __ld_r13_to_r14_ret
 .text          0x40035798       0x38 c:/users/syp/appdata/local/arduino15/packages/intel/tools/arc-elf32/1.6.4+1.0/bin/../lib/gcc/arc-elf32/4.8.3/../../../../arc-elf32/lib\libc.a(lib_a-cxa_atexit.o)
                0x40035798                __cxa_atexit
 .text          0x400357d0       0xf8 c:/users/syp/appdata/local/arduino15/packages/intel/tools/arc-elf32/1.6.4+1.0/bin/../lib/gcc/arc-elf32/4.8.3/../../../../arc-elf32/lib\libc.a(lib_a-memcmp.o)
                0x400357d0                memcmp
 .text          0x400358c8      0x1c0 c:/users/syp/appdata/local/arduino15/packages/intel/tools/arc-elf32/1.6.4+1.0/bin/../lib/gcc/arc-elf32/4.8.3/../../../../arc-elf32/lib\libc.a(lib_a-memmove.o)
                0x400358c8                memmove
 .text          0x40035a88       0x38 c:/users/syp/appdata/local/arduino15/packages/intel/tools/arc-elf32/1.6.4+1.0/bin/../lib/gcc/arc-elf32/4.8.3/../../../../arc-elf32/lib\libc.a(lib_a-realloc.o)
                0x40035a88                realloc
 .text          0x40035ac0      0x9e8 c:/users/syp/appdata/local/arduino15/packages/intel/tools/arc-elf32/1.6.4+1.0/bin/../lib/gcc/arc-elf32/4.8.3/../../../../arc-elf32/lib\libc.a(lib_a-reallocr.o)
                0x40035ac0                _realloc_r
 .text          0x400364a8       0xe8 c:/users/syp/appdata/local/arduino15/packages/intel/tools/arc-elf32/1.6.4+1.0/bin/../lib/gcc/arc-elf32/4.8.3/../../../../arc-elf32/lib\libc.a(lib_a-s_fpclassify.o)
                0x400364a8                __fpclassifyd
 .text          0x40036590       0x90 c:/users/syp/appdata/local/arduino15/packages/intel/tools/arc-elf32/1.6.4+1.0/bin/../lib/gcc/arc-elf32/4.8.3/../../../../arc-elf32/lib\libc.a(lib_a-strcmp.o)
                0x40036590                strcmp
 .text          0x40036620      0x12c c:/users/syp/appdata/local/arduino15/packages/intel/tools/arc-elf32/1.6.4+1.0/bin/../lib/gcc/arc-elf32/4.8.3/../../../../arc-elf32/lib\libc.a(lib_a-strncmp.o)
                0x40036620                strncmp
 .text          0x4003674c       0xfc c:/users/syp/appdata/local/arduino15/packages/intel/tools/arc-elf32/1.6.4+1.0/bin/../lib/gcc/arc-elf32/4.8.3/../../../../arc-elf32/lib\libc.a(lib_a-strncpy.o)
                0x4003674c                strncpy
 .text          0x40036848      0x214 c:/users/syp/appdata/local/arduino15/packages/intel/tools/arc-elf32/1.6.4+1.0/bin/../lib/gcc/arc-elf32/4.8.3/../../../../arc-elf32/lib\libc.a(lib_a-strtoul.o)
                0x40036848                _strtoul_r
                0x40036a1c                strtoul
 .text          0x40036a5c      0x134 c:/users/syp/appdata/local/arduino15/packages/intel/tools/arc-elf32/1.6.4+1.0/bin/../lib/gcc/arc-elf32/4.8.3/../../../../arc-elf32/lib\libc.a(lib_a-__atexit.o)
                0x40036a5c                __register_exitproc
 .text          0x40036b90      0x6ac c:/users/syp/appdata/local/arduino15/packages/intel/tools/arc-elf32/1.6.4+1.0/bin/../lib/gcc/arc-elf32/4.8.3/../../../../arc-elf32/lib\libm.a(lib_a-s_atan.o)
                0x40036b90                atan
 .text          0x4003723c       0x68 c:/users/syp/appdata/local/arduino15/packages/intel/tools/arc-elf32/1.6.4+1.0/bin/../lib/gcc/arc-elf32/4.8.3/../../../../arc-elf32/lib\libm.a(lib_a-s_fabs.o)
                0x4003723c                fabs
 .text          0x400372a4       0x40 c:/users/syp/appdata/local/arduino15/packages/intel/tools/arc-elf32/1.6.4+1.0/bin/../lib/gcc/arc-elf32/4.8.3/../../../../arc-elf32/lib\libm.a(lib_a-w_atan2.o)
                0x400372a4                atan2
 .text          0x400372e4      0x138 c:/users/syp/appdata/local/arduino15/packages/intel/tools/arc-elf32/1.6.4+1.0/bin/../lib/gcc/arc-elf32/4.8.3/../../../../arc-elf32/lib\libm.a(lib_a-w_sqrt.o)
                0x400372e4                sqrt
 .text          0x4003741c      0x63c c:/users/syp/appdata/local/arduino15/packages/intel/tools/arc-elf32/1.6.4+1.0/bin/../lib/gcc/arc-elf32/4.8.3/../../../../arc-elf32/lib\libm.a(lib_a-e_atan2.o)
                0x4003741c                __ieee754_atan2
 .text          0x40037a58      0x554 c:/users/syp/appdata/local/arduino15/packages/intel/tools/arc-elf32/1.6.4+1.0/bin/../lib/gcc/arc-elf32/4.8.3/../../../../arc-elf32/lib\libm.a(lib_a-e_sqrt.o)
                0x40037a58                __ieee754_sqrt
 .text          0x40037fac       0x50 c:/users/syp/appdata/local/arduino15/packages/intel/tools/arc-elf32/1.6.4+1.0/bin/../lib/gcc/arc-elf32/4.8.3/../../../../arc-elf32/lib\libm.a(lib_a-s_matherr.o)
                0x40037fac                matherr
 .text          0x40037ffc      0x4a0 c:/users/syp/appdata/local/arduino15/packages/intel/tools/arc-elf32/1.6.4+1.0/bin/../lib/gcc/arc-elf32/4.8.3\libgcc.a(_udivdi3.o)
                0x40037ffc                __udivdi3
 .text          0x4003849c      0xa0c c:/users/syp/appdata/local/arduino15/packages/intel/tools/arc-elf32/1.6.4+1.0/bin/../lib/gcc/arc-elf32/4.8.3\libgcc.a(fp-bit.o)
                0x40038638                __pack_f
                0x4003872c                __unpack_f
                0x400387ac                __addsf3
                0x400387e0                __subsf3
                0x4003881c                __mulsf3
                0x40038954                __divsf3
                0x40038a48                __fpcmp_parts_f
                0x40038ae0                __cmpsf2
                0x40038b0c                __eqsf2
                0x40038b4c                __nesf2
                0x40038b8c                __gtsf2
                0x40038bcc                __gesf2
                0x40038c0c                __ltsf2
                0x40038c4c                __lesf2
                0x40038c8c                __unordsf2
                0x40038cc8                __floatsisf
                0x40038d4c                __floatunsisf
                0x40038dcc                __fixsfsi
                0x40038e30                __negsf2
                0x40038e5c                __make_fp
                0x40038e78                __extendsfdf2
 .text          0x40038ea8      0xef0 c:/users/syp/appdata/local/arduino15/packages/intel/tools/arc-elf32/1.6.4+1.0/bin/../lib/gcc/arc-elf32/4.8.3\libgcc.a(dp-bit.o)
                0x400391c4                __pack_d
                0x40039360                __unpack_d
                0x40039410                __adddf3
                0x40039444                __subdf3
                0x40039480                __muldf3
                0x4003969c                __divdf3
                0x4003980c                __fpcmp_parts_d
                0x400398c0                __cmpdf2
                0x400398ec                __eqdf2
                0x4003992c                __nedf2
                0x4003996c                __gtdf2
                0x400399ac                __gedf2
                0x400399ec                __ltdf2
                0x40039a2c                __ledf2
                0x40039a6c                __unorddf2
                0x40039aa8                __floatsidf
                0x40039b54                __floatunsidf
                0x40039c10                __fixdfsi
                0x40039c98                __fixunsdfsi
                0x40039d0c                __negdf2
                0x40039d38                __make_dp
                0x40039d58                __truncdfsf2
 .text          0x40039d98       0x30 c:/users/syp/appdata/local/arduino15/packages/intel/tools/arc-elf32/1.6.4+1.0/bin/../lib/gcc/arc-elf32/4.8.3\libgcc.a(_clzsi2.o)
                0x40039d98                __clzsi2
 .text          0x40039dc8       0x28 c:/users/syp/appdata/local/arduino15/packages/intel/tools/arc-elf32/1.6.4+1.0/bin/../lib/gcc/arc-elf32/4.8.3\libgcc.a(_lshrdi3.o)
                0x40039dc8                __lshrdi3
 .text          0x40039df0       0x28 c:/users/syp/appdata/local/arduino15/packages/intel/tools/arc-elf32/1.6.4+1.0/bin/../lib/gcc/arc-elf32/4.8.3\libgcc.a(_ashldi3.o)
                0x40039df0                __ashldi3
 .text          0x40039e18       0x18 c:/users/syp/appdata/local/arduino15/packages/intel/tools/arc-elf32/1.6.4+1.0/bin/../lib/gcc/arc-elf32/4.8.3/../../../../arc-elf32/lib\libc.a(lib_a-errno.o)
                0x40039e18                __errno
 *(.text.*)
 .text._main    0x40039e30       0x70 C:\Users\syp\AppData\Local\arduino15\packages\Intel\hardware\arc32\1.0.5\variants\arduino_101\libarc32drv_arduino101.a(c_init.o)
                0x40039e30                _main
 .text.interrupt_connect
                0x40039ea0       0x20 C:\Users\syp\AppData\Local\arduino15\packages\Intel\hardware\arc32\1.0.5\variants\arduino_101\libarc32drv_arduino101.a(interrupt.o)
                0x40039ea0                interrupt_connect
 .text.interrupt_enable
                0x40039ec0       0x28 C:\Users\syp\AppData\Local\arduino15\packages\Intel\hardware\arc32\1.0.5\variants\arduino_101\libarc32drv_arduino101.a(interrupt.o)
                0x40039ec0                interrupt_enable
 .text.interrupt_unit_device_init
                0x40039ee8       0x50 C:\Users\syp\AppData\Local\arduino15\packages\Intel\hardware\arc32\1.0.5\variants\arduino_101\libarc32drv_arduino101.a(interrupt.o)
                0x40039ee8                interrupt_unit_device_init
 .text._arcv2_timer0_int_handler
                0x40039f38       0x20 C:\Users\syp\AppData\Local\arduino15\packages\Intel\hardware\arc32\1.0.5\variants\arduino_101\libarc32drv_arduino101.a(arcv2_timer0.o)
                0x40039f38                _arcv2_timer0_int_handler
 .text.timer0_driver_init
                0x40039f58       0x40 C:\Users\syp\AppData\Local\arduino15\packages\Intel\hardware\arc32\1.0.5\variants\arduino_101\libarc32drv_arduino101.a(arcv2_timer0.o)
                0x40039f58                timer0_driver_init
 .text.uart_ipc_close_channel
                0x40039f98       0x20 C:\Users\syp\AppData\Local\arduino15\packages\Intel\hardware\arc32\1.0.5\variants\arduino_101\libarc32drv_arduino101.a(ipc_uart_ns16550.o)
                0x40039f98                uart_ipc_close_channel
 .text.uart_ipc_init
                0x40039fb8       0x80 C:\Users\syp\AppData\Local\arduino15\packages\Intel\hardware\arc32\1.0.5\variants\arduino_101\libarc32drv_arduino101.a(ipc_uart_ns16550.o)
                0x40039fb8                uart_ipc_init
 .text.uart_ipc_set_channel
                0x4003a038       0x14 C:\Users\syp\AppData\Local\arduino15\packages\Intel\hardware\arc32\1.0.5\variants\arduino_101\libarc32drv_arduino101.a(ipc_uart_ns16550.o)
                0x4003a038                uart_ipc_set_channel
 .text.uart_ipc_get_channel
                0x4003a04c       0x14 C:\Users\syp\AppData\Local\arduino15\packages\Intel\hardware\arc32\1.0.5\variants\arduino_101\libarc32drv_arduino101.a(ipc_uart_ns16550.o)
                0x4003a04c                uart_ipc_get_channel
 .text.uart_ipc_push_frame
                0x4003a060       0xa0 C:\Users\syp\AppData\Local\arduino15\packages\Intel\hardware\arc32\1.0.5\variants\arduino_101\libarc32drv_arduino101.a(ipc_uart_ns16550.o)
                0x4003a060                uart_ipc_push_frame
 .text.uart_ipc_isr
                0x4003a100      0x1c8 C:\Users\syp\AppData\Local\arduino15\packages\Intel\hardware\arc32\1.0.5\variants\arduino_101\libarc32drv_arduino101.a(ipc_uart_ns16550.o)
                0x4003a100                uart_ipc_isr
 .text.uart_ipc_channel_open
                0x4003a2c8       0x28 C:\Users\syp\AppData\Local\arduino15\packages\Intel\hardware\arc32\1.0.5\variants\arduino_101\libarc32drv_arduino101.a(ipc_uart_ns16550.o)
                0x4003a2c8                uart_ipc_channel_open
 .text.uart_ipc_send_message
                0x4003a2f0       0x8c C:\Users\syp\AppData\Local\arduino15\packages\Intel\hardware\arc32\1.0.5\variants\arduino_101\libarc32drv_arduino101.a(ipc_uart_ns16550.o)
                0x4003a2f0                uart_ipc_send_message
 .text.uart_ipc_send_sync_resp
                0x4003a37c       0xbc C:\Users\syp\AppData\Local\arduino15\packages\Intel\hardware\arc32\1.0.5\variants\arduino_101\libarc32drv_arduino101.a(ipc_uart_ns16550.o)
                0x4003a37c                uart_ipc_send_sync_resp
 .text.uart_init
                0x4003a438       0x98 C:\Users\syp\AppData\Local\arduino15\packages\Intel\hardware\arc32\1.0.5\variants\arduino_101\libarc32drv_arduino101.a(ns16550.o)
                0x4003a438                uart_init
 .text.uart_poll_in
                0x4003a4d0       0x28 C:\Users\syp\AppData\Local\arduino15\packages\Intel\hardware\arc32\1.0.5\variants\arduino_101\libarc32drv_arduino101.a(ns16550.o)
                0x4003a4d0                uart_poll_in
 .text.uart_poll_out
                0x4003a4f8       0x28 C:\Users\syp\AppData\Local\arduino15\packages\Intel\hardware\arc32\1.0.5\variants\arduino_101\libarc32drv_arduino101.a(ns16550.o)
                0x4003a4f8                uart_poll_out
 .text.uart_fifo_fill
                0x4003a520       0x4c C:\Users\syp\AppData\Local\arduino15\packages\Intel\hardware\arc32\1.0.5\variants\arduino_101\libarc32drv_arduino101.a(ns16550.o)
                0x4003a520                uart_fifo_fill
 .text.uart_fifo_read
                0x4003a56c       0x4c C:\Users\syp\AppData\Local\arduino15\packages\Intel\hardware\arc32\1.0.5\variants\arduino_101\libarc32drv_arduino101.a(ns16550.o)
                0x4003a56c                uart_fifo_read
 .text.uart_irq_tx_enable
                0x4003a5b8       0x20 C:\Users\syp\AppData\Local\arduino15\packages\Intel\hardware\arc32\1.0.5\variants\arduino_101\libarc32drv_arduino101.a(ns16550.o)
                0x4003a5b8                uart_irq_tx_enable
 .text.uart_irq_tx_disable
                0x4003a5d8       0x20 C:\Users\syp\AppData\Local\arduino15\packages\Intel\hardware\arc32\1.0.5\variants\arduino_101\libarc32drv_arduino101.a(ns16550.o)
                0x4003a5d8                uart_irq_tx_disable
 .text.uart_irq_tx_ready
                0x4003a5f8       0x20 C:\Users\syp\AppData\Local\arduino15\packages\Intel\hardware\arc32\1.0.5\variants\arduino_101\libarc32drv_arduino101.a(ns16550.o)
                0x4003a5f8                uart_irq_tx_ready
 .text.uart_irq_rx_enable
                0x4003a618       0x20 C:\Users\syp\AppData\Local\arduino15\packages\Intel\hardware\arc32\1.0.5\variants\arduino_101\libarc32drv_arduino101.a(ns16550.o)
                0x4003a618                uart_irq_rx_enable
 .text.uart_irq_rx_disable
                0x4003a638       0x20 C:\Users\syp\AppData\Local\arduino15\packages\Intel\hardware\arc32\1.0.5\variants\arduino_101\libarc32drv_arduino101.a(ns16550.o)
                0x4003a638                uart_irq_rx_disable
 .text.uart_irq_rx_ready
                0x4003a658       0x20 C:\Users\syp\AppData\Local\arduino15\packages\Intel\hardware\arc32\1.0.5\variants\arduino_101\libarc32drv_arduino101.a(ns16550.o)
                0x4003a658                uart_irq_rx_ready
 .text.uart_irq_err_detected
                0x4003a678       0x20 C:\Users\syp\AppData\Local\arduino15\packages\Intel\hardware\arc32\1.0.5\variants\arduino_101\libarc32drv_arduino101.a(ns16550.o)
                0x4003a678                uart_irq_err_detected
 .text.uart_line_status
                0x4003a698       0x1c C:\Users\syp\AppData\Local\arduino15\packages\Intel\hardware\arc32\1.0.5\variants\arduino_101\libarc32drv_arduino101.a(ns16550.o)
                0x4003a698                uart_line_status
 .text.uart_break_check
                0x4003a6b4       0x1c C:\Users\syp\AppData\Local\arduino15\packages\Intel\hardware\arc32\1.0.5\variants\arduino_101\libarc32drv_arduino101.a(ns16550.o)
                0x4003a6b4                uart_break_check
 .text.uart_irq_is_pending
                0x4003a6d0       0x20 C:\Users\syp\AppData\Local\arduino15\packages\Intel\hardware\arc32\1.0.5\variants\arduino_101\libarc32drv_arduino101.a(ns16550.o)
                0x4003a6d0                uart_irq_is_pending
 .text.uart_irq_update
                0x4003a6f0       0x28 C:\Users\syp\AppData\Local\arduino15\packages\Intel\hardware\arc32\1.0.5\variants\arduino_101\libarc32drv_arduino101.a(ns16550.o)
                0x4003a6f0                uart_irq_update
 .text.uart_int_connect
                0x4003a718       0x4c C:\Users\syp\AppData\Local\arduino15\packages\Intel\hardware\arc32\1.0.5\variants\arduino_101\libarc32drv_arduino101.a(ns16550.o)
                0x4003a718                uart_int_connect
 .text.soc_gpio_ISR_proc
                0x4003a764       0x58 C:\Users\syp\AppData\Local\arduino15\packages\Intel\hardware\arc32\1.0.5\variants\arduino_101\libarc32drv_arduino101.a(soc_gpio.o)
 .text.gpio_isr
                0x4003a7bc       0x10 C:\Users\syp\AppData\Local\arduino15\packages\Intel\hardware\arc32\1.0.5\variants\arduino_101\libarc32drv_arduino101.a(soc_gpio.o)
                0x4003a7bc                gpio_isr
 .text.gpio_aon_isr
                0x4003a7cc       0x10 C:\Users\syp\AppData\Local\arduino15\packages\Intel\hardware\arc32\1.0.5\variants\arduino_101\libarc32drv_arduino101.a(soc_gpio.o)
                0x4003a7cc                gpio_aon_isr
 .text.soc_gpio_enable
                0x4003a7dc       0x88 C:\Users\syp\AppData\Local\arduino15\packages\Intel\hardware\arc32\1.0.5\variants\arduino_101\libarc32drv_arduino101.a(soc_gpio.o)
                0x4003a7dc                soc_gpio_enable
 .text.soc_gpio_set_config
                0x4003a864      0x13c C:\Users\syp\AppData\Local\arduino15\packages\Intel\hardware\arc32\1.0.5\variants\arduino_101\libarc32drv_arduino101.a(soc_gpio.o)
                0x4003a864                soc_gpio_set_config
 .text.soc_gpio_write
                0x4003a9a0       0x58 C:\Users\syp\AppData\Local\arduino15\packages\Intel\hardware\arc32\1.0.5\variants\arduino_101\libarc32drv_arduino101.a(soc_gpio.o)
                0x4003a9a0                soc_gpio_write
 .text.soc_gpio_mask_interrupt
                0x4003a9f8       0x2c C:\Users\syp\AppData\Local\arduino15\packages\Intel\hardware\arc32\1.0.5\variants\arduino_101\libarc32drv_arduino101.a(soc_gpio.o)
                0x4003a9f8                soc_gpio_mask_interrupt
 .text.soc_gpio_unmask_interrupt
                0x4003aa24       0x34 C:\Users\syp\AppData\Local\arduino15\packages\Intel\hardware\arc32\1.0.5\variants\arduino_101\libarc32drv_arduino101.a(soc_gpio.o)
                0x4003aa24                soc_gpio_unmask_interrupt
 .text.free_message_ipc
                0x4003aa58       0x18 C:\Users\syp\AppData\Local\arduino15\packages\Intel\hardware\arc32\1.0.5\variants\arduino_101\libarc32drv_arduino101.a(cfw_platform.o)
 .text.send_message_ipc
                0x4003aa70       0x18 C:\Users\syp\AppData\Local\arduino15\packages\Intel\hardware\arc32\1.0.5\variants\arduino_101\libarc32drv_arduino101.a(cfw_platform.o)
 .text.ipc_mbx_isr
                0x4003aa88       0x30 C:\Users\syp\AppData\Local\arduino15\packages\Intel\hardware\arc32\1.0.5\variants\arduino_101\libarc32drv_arduino101.a(cfw_platform.o)
 .text.cfw_platform_nordic_init
                0x4003aab8       0x68 C:\Users\syp\AppData\Local\arduino15\packages\Intel\hardware\arc32\1.0.5\variants\arduino_101\libarc32drv_arduino101.a(cfw_platform.o)
                0x4003aab8                cfw_platform_nordic_init
 .text.cfw_platform_init
                0x4003ab20       0xb0 C:\Users\syp\AppData\Local\arduino15\packages\Intel\hardware\arc32\1.0.5\variants\arduino_101\libarc32drv_arduino101.a(cfw_platform.o)
                0x4003ab20                cfw_platform_init
 .text.cfw_get_service_queue
                0x4003abd0       0x14 C:\Users\syp\AppData\Local\arduino15\packages\Intel\hardware\arc32\1.0.5\variants\arduino_101\libarc32drv_arduino101.a(cfw_platform.o)
                0x4003abd0                cfw_get_service_queue
 .text.nordic_wake_assert
                0x4003abe4       0x48 C:\Users\syp\AppData\Local\arduino15\packages\Intel\hardware\arc32\1.0.5\variants\arduino_101\libarc32drv_arduino101.a(nordic_interface.o)
 .text.send_message_ipc_uart
                0x4003ac2c       0x34 C:\Users\syp\AppData\Local\arduino15\packages\Intel\hardware\arc32\1.0.5\variants\arduino_101\libarc32drv_arduino101.a(nordic_interface.o)
                0x4003ac2c                send_message_ipc_uart
 .text.free_message_ipc_uart
                0x4003ac60       0x10 C:\Users\syp\AppData\Local\arduino15\packages\Intel\hardware\arc32\1.0.5\variants\arduino_101\libarc32drv_arduino101.a(nordic_interface.o)
                0x4003ac60                free_message_ipc_uart
 .text.uart_ipc_message_cback
                0x4003ac70      0x12c C:\Users\syp\AppData\Local\arduino15\packages\Intel\hardware\arc32\1.0.5\variants\arduino_101\libarc32drv_arduino101.a(nordic_interface.o)
                0x4003ac70                uart_ipc_message_cback
 .text.nordic_interface_init
                0x4003ad9c       0xa0 C:\Users\syp\AppData\Local\arduino15\packages\Intel\hardware\arc32\1.0.5\variants\arduino_101\libarc32drv_arduino101.a(nordic_interface.o)
                0x4003ad9c                nordic_interface_init
 .text.ble_gap_set_enable_config
                0x4003ae3c       0xc4 C:\Users\syp\AppData\Local\arduino15\packages\Intel\hardware\arc32\1.0.5\variants\arduino_101\libarc32drv_arduino101.a(ble_service_gap_api.o)
                0x4003ae3c                ble_gap_set_enable_config
 .text.ble_gap_wr_adv_data
                0x4003af00       0x9c C:\Users\syp\AppData\Local\arduino15\packages\Intel\hardware\arc32\1.0.5\variants\arduino_101\libarc32drv_arduino101.a(ble_service_gap_api.o)
                0x4003af00                ble_gap_wr_adv_data
 .text.ble_gap_start_advertise
                0x4003af9c       0x88 C:\Users\syp\AppData\Local\arduino15\packages\Intel\hardware\arc32\1.0.5\variants\arduino_101\libarc32drv_arduino101.a(ble_service_gap_api.o)
                0x4003af9c                ble_gap_start_advertise
 .text.ble_gap_sm_config
                0x4003b024       0x40 C:\Users\syp\AppData\Local\arduino15\packages\Intel\hardware\arc32\1.0.5\variants\arduino_101\libarc32drv_arduino101.a(ble_service_gap_api.o)
                0x4003b024                ble_gap_sm_config
 .text.ble_gatts_add_service
                0x4003b064       0x58 C:\Users\syp\AppData\Local\arduino15\packages\Intel\hardware\arc32\1.0.5\variants\arduino_101\libarc32drv_arduino101.a(ble_service_gatts_api.o)
                0x4003b064                ble_gatts_add_service
 .text.ble_gatts_add_characteristic
                0x4003b0bc       0xe8 C:\Users\syp\AppData\Local\arduino15\packages\Intel\hardware\arc32\1.0.5\variants\arduino_101\libarc32drv_arduino101.a(ble_service_gatts_api.o)
                0x4003b0bc                ble_gatts_add_characteristic
 .text.ble_gatts_add_descriptor
                0x4003b1a4       0x90 C:\Users\syp\AppData\Local\arduino15\packages\Intel\hardware\arc32\1.0.5\variants\arduino_101\libarc32drv_arduino101.a(ble_service_gatts_api.o)
                0x4003b1a4                ble_gatts_add_descriptor
 .text.ble_gatts_set_attribute_value
                0x4003b234       0x64 C:\Users\syp\AppData\Local\arduino15\packages\Intel\hardware\arc32\1.0.5\variants\arduino_101\libarc32drv_arduino101.a(ble_service_gatts_api.o)
                0x4003b234                ble_gatts_set_attribute_value
 .text.ble_gatts_send_notif
                0x4003b298       0x60 C:\Users\syp\AppData\Local\arduino15\packages\Intel\hardware\arc32\1.0.5\variants\arduino_101\libarc32drv_arduino101.a(ble_service_gatts_api.o)
                0x4003b298                ble_gatts_send_notif
 .text.ble_gatts_send_ind
                0x4003b2f8       0x60 C:\Users\syp\AppData\Local\arduino15\packages\Intel\hardware\arc32\1.0.5\variants\arduino_101\libarc32drv_arduino101.a(ble_service_gatts_api.o)
                0x4003b2f8                ble_gatts_send_ind
 .text.ble_sizeof_bt_uuid
                0x4003b358       0x14 C:\Users\syp\AppData\Local\arduino15\packages\Intel\hardware\arc32\1.0.5\variants\arduino_101\libarc32drv_arduino101.a(ble_service_utils.o)
                0x4003b358                ble_sizeof_bt_uuid
 .text.ble_encode_bt_uuid
                0x4003b36c       0x68 C:\Users\syp\AppData\Local\arduino15\packages\Intel\hardware\arc32\1.0.5\variants\arduino_101\libarc32drv_arduino101.a(ble_service_utils.o)
                0x4003b36c                ble_encode_bt_uuid
 .text.cfw_open_service
                0x4003b3d4       0x7c C:\Users\syp\AppData\Local\arduino15\packages\Intel\hardware\arc32\1.0.5\variants\arduino_101\libarc32drv_arduino101.a(client_api.o)
                0x4003b3d4                cfw_open_service
 .text.cfw_register_svc_available
                0x4003b450       0x58 C:\Users\syp\AppData\Local\arduino15\packages\Intel\hardware\arc32\1.0.5\variants\arduino_101\libarc32drv_arduino101.a(client_api.o)
                0x4003b450                cfw_register_svc_available
 .text.cfw_alloc_message_for_service
                0x4003b4a8       0x4c C:\Users\syp\AppData\Local\arduino15\packages\Intel\hardware\arc32\1.0.5\variants\arduino_101\libarc32drv_arduino101.a(client_api.o)
                0x4003b4a8                cfw_alloc_message_for_service
 .text.cfw_alloc_message
                0x4003b4f4       0x10 C:\Users\syp\AppData\Local\arduino15\packages\Intel\hardware\arc32\1.0.5\variants\arduino_101\libarc32drv_arduino101.a(client_api.o)
                0x4003b4f4                cfw_alloc_message
 .text.client_handle_message
                0x4003b504       0x50 C:\Users\syp\AppData\Local\arduino15\packages\Intel\hardware\arc32\1.0.5\variants\arduino_101\libarc32drv_arduino101.a(service_api.o)
                0x4003b504                client_handle_message
 .text.cfw_alloc_rsp_msg
                0x4003b554       0x54 C:\Users\syp\AppData\Local\arduino15\packages\Intel\hardware\arc32\1.0.5\variants\arduino_101\libarc32drv_arduino101.a(service_api.o)
                0x4003b554                cfw_alloc_rsp_msg
 .text.cfw_init
                0x4003b5a8       0x44 C:\Users\syp\AppData\Local\arduino15\packages\Intel\hardware\arc32\1.0.5\variants\arduino_101\libarc32drv_arduino101.a(service_api.o)
                0x4003b5a8                cfw_init
 .text._cfw_send_message
                0x4003b5ec       0x10 C:\Users\syp\AppData\Local\arduino15\packages\Intel\hardware\arc32\1.0.5\variants\arduino_101\libarc32drv_arduino101.a(service_api.o)
                0x4003b5ec                _cfw_send_message
 .text.cfw_msg_free
                0x4003b5fc       0x10 C:\Users\syp\AppData\Local\arduino15\packages\Intel\hardware\arc32\1.0.5\variants\arduino_101\libarc32drv_arduino101.a(service_api.o)
                0x4003b5fc                cfw_msg_free
 .text.send_service_avail_evt
                0x4003b60c       0x54 C:\Users\syp\AppData\Local\arduino15\packages\Intel\hardware\arc32\1.0.5\variants\arduino_101\libarc32drv_arduino101.a(service_manager.o)
 .text.notify_service_avail_cb
                0x4003b660       0x38 C:\Users\syp\AppData\Local\arduino15\packages\Intel\hardware\arc32\1.0.5\variants\arduino_101\libarc32drv_arduino101.a(service_manager.o)
                0x4003b660                notify_service_avail_cb
 .text.add_service_avail_listener
                0x4003b698       0x3c C:\Users\syp\AppData\Local\arduino15\packages\Intel\hardware\arc32\1.0.5\variants\arduino_101\libarc32drv_arduino101.a(service_manager.o)
                0x4003b698                add_service_avail_listener
 .text.notify_service_avail
                0x4003b6d4       0x2c C:\Users\syp\AppData\Local\arduino15\packages\Intel\hardware\arc32\1.0.5\variants\arduino_101\libarc32drv_arduino101.a(service_manager.o)
                0x4003b6d4                notify_service_avail
 .text.get_event_registered_list
                0x4003b700       0x28 C:\Users\syp\AppData\Local\arduino15\packages\Intel\hardware\arc32\1.0.5\variants\arduino_101\libarc32drv_arduino101.a(service_manager.o)
                0x4003b700                get_event_registered_list
 .text._cfw_register_event
                0x4003b728       0x5c C:\Users\syp\AppData\Local\arduino15\packages\Intel\hardware\arc32\1.0.5\variants\arduino_101\libarc32drv_arduino101.a(service_manager.o)
                0x4003b728                _cfw_register_event
 .text._find_service
                0x4003b784       0x30 C:\Users\syp\AppData\Local\arduino15\packages\Intel\hardware\arc32\1.0.5\variants\arduino_101\libarc32drv_arduino101.a(service_manager.o)
                0x4003b784                _find_service
 .text.cfw_get_service
                0x4003b7b4       0x28 C:\Users\syp\AppData\Local\arduino15\packages\Intel\hardware\arc32\1.0.5\variants\arduino_101\libarc32drv_arduino101.a(service_manager.o)
                0x4003b7b4                cfw_get_service
 .text.internal_handle_message
                0x4003b7dc      0x20c C:\Users\syp\AppData\Local\arduino15\packages\Intel\hardware\arc32\1.0.5\variants\arduino_101\libarc32drv_arduino101.a(service_manager.o)
                0x4003b7dc                internal_handle_message
 .text.cfw_get_service_mgr_port_id
                0x4003b9e8       0x14 C:\Users\syp\AppData\Local\arduino15\packages\Intel\hardware\arc32\1.0.5\variants\arduino_101\libarc32drv_arduino101.a(service_manager.o)
                0x4003b9e8                cfw_get_service_mgr_port_id
 .text._cfw_init
                0x4003b9fc       0x34 C:\Users\syp\AppData\Local\arduino15\packages\Intel\hardware\arc32\1.0.5\variants\arduino_101\libarc32drv_arduino101.a(service_manager.o)
                0x4003b9fc                _cfw_init
 .text._add_service
                0x4003ba30       0x48 C:\Users\syp\AppData\Local\arduino15\packages\Intel\hardware\arc32\1.0.5\variants\arduino_101\libarc32drv_arduino101.a(service_manager.o)
                0x4003ba30                _add_service
 .text._cfw_register_service
                0x4003ba78       0x64 C:\Users\syp\AppData\Local\arduino15\packages\Intel\hardware\arc32\1.0.5\variants\arduino_101\libarc32drv_arduino101.a(service_manager.o)
                0x4003ba78                _cfw_register_service
 .text.handle_ipc_sync_request
                0x4003badc       0x58 C:\Users\syp\AppData\Local\arduino15\packages\Intel\hardware\arc32\1.0.5\variants\arduino_101\libarc32drv_arduino101.a(service_manager.o)
                0x4003badc                handle_ipc_sync_request
 .text.ipc_init
                0x4003bb34       0x48 C:\Users\syp\AppData\Local\arduino15\packages\Intel\hardware\arc32\1.0.5\variants\arduino_101\libarc32drv_arduino101.a(ipc.o)
                0x4003bb34                ipc_init
 .text.ipc_handle_message
                0x4003bb7c       0xa4 C:\Users\syp\AppData\Local\arduino15\packages\Intel\hardware\arc32\1.0.5\variants\arduino_101\libarc32drv_arduino101.a(ipc.o)
                0x4003bb7c                ipc_handle_message
 .text.ipc_request_sync_int
                0x4003bc20      0x15c C:\Users\syp\AppData\Local\arduino15\packages\Intel\hardware\arc32\1.0.5\variants\arduino_101\libarc32drv_arduino101.a(ipc.o)
                0x4003bc20                ipc_request_sync_int
 .text.ipc_sync_callback
                0x4003bd7c       0x54 C:\Users\syp\AppData\Local\arduino15\packages\Intel\hardware\arc32\1.0.5\variants\arduino_101\libarc32drv_arduino101.a(ipc_callback.o)
                0x4003bd7c                ipc_sync_callback
 .text.log_vprintk
                0x4003bdd0       0x48 C:\Users\syp\AppData\Local\arduino15\packages\Intel\hardware\arc32\1.0.5\variants\arduino_101\libarc32drv_arduino101.a(log.o)
                0x4003bdd0                log_vprintk
 .text.log_printk
                0x4003be18       0x38 C:\Users\syp\AppData\Local\arduino15\packages\Intel\hardware\arc32\1.0.5\variants\arduino_101\libarc32drv_arduino101.a(log.o)
                0x4003be18                log_printk
 .text.log_write_msg
                0x4003be50       0x10 C:\Users\syp\AppData\Local\arduino15\packages\Intel\hardware\arc32\1.0.5\variants\arduino_101\libarc32drv_arduino101.a(log_impl_printk.o)
                0x4003be50                log_write_msg
 .text.get_port
                0x4003be60       0x40 C:\Users\syp\AppData\Local\arduino15\packages\Intel\hardware\arc32\1.0.5\variants\arduino_101\libarc32drv_arduino101.a(port.o)
 .text.get_cpu_id
                0x4003bea0       0x14 C:\Users\syp\AppData\Local\arduino15\packages\Intel\hardware\arc32\1.0.5\variants\arduino_101\libarc32drv_arduino101.a(port.o)
                0x4003bea0                get_cpu_id
 .text.port_get_port_table
                0x4003beb4       0x14 C:\Users\syp\AppData\Local\arduino15\packages\Intel\hardware\arc32\1.0.5\variants\arduino_101\libarc32drv_arduino101.a(port.o)
                0x4003beb4                port_get_port_table
 .text.port_alloc
                0x4003bec8       0x60 C:\Users\syp\AppData\Local\arduino15\packages\Intel\hardware\arc32\1.0.5\variants\arduino_101\libarc32drv_arduino101.a(port.o)
                0x4003bec8                port_alloc
 .text.port_set_handler
                0x4003bf28       0x28 C:\Users\syp\AppData\Local\arduino15\packages\Intel\hardware\arc32\1.0.5\variants\arduino_101\libarc32drv_arduino101.a(port.o)
                0x4003bf28                port_set_handler
 .text.message_alloc
                0x4003bf50       0x38 C:\Users\syp\AppData\Local\arduino15\packages\Intel\hardware\arc32\1.0.5\variants\arduino_101\libarc32drv_arduino101.a(port.o)
                0x4003bf50                message_alloc
 .text.port_process_message
                0x4003bf88       0x3c C:\Users\syp\AppData\Local\arduino15\packages\Intel\hardware\arc32\1.0.5\variants\arduino_101\libarc32drv_arduino101.a(port.o)
                0x4003bf88                port_process_message
 .text.port_set_cpu_id
                0x4003bfc4       0x24 C:\Users\syp\AppData\Local\arduino15\packages\Intel\hardware\arc32\1.0.5\variants\arduino_101\libarc32drv_arduino101.a(port.o)
                0x4003bfc4                port_set_cpu_id
 .text.port_get_cpu_id
                0x4003bfe8       0x18 C:\Users\syp\AppData\Local\arduino15\packages\Intel\hardware\arc32\1.0.5\variants\arduino_101\libarc32drv_arduino101.a(port.o)
                0x4003bfe8                port_get_cpu_id
 .text.set_cpu_id
                0x4003c000       0x14 C:\Users\syp\AppData\Local\arduino15\packages\Intel\hardware\arc32\1.0.5\variants\arduino_101\libarc32drv_arduino101.a(port.o)
                0x4003c000                set_cpu_id
 .text.set_cpu_message_sender
                0x4003c014       0x18 C:\Users\syp\AppData\Local\arduino15\packages\Intel\hardware\arc32\1.0.5\variants\arduino_101\libarc32drv_arduino101.a(port.o)
                0x4003c014                set_cpu_message_sender
 .text.set_cpu_free_handler
                0x4003c02c       0x18 C:\Users\syp\AppData\Local\arduino15\packages\Intel\hardware\arc32\1.0.5\variants\arduino_101\libarc32drv_arduino101.a(port.o)
                0x4003c02c                set_cpu_free_handler
 .text.port_send_message
                0x4003c044       0x94 C:\Users\syp\AppData\Local\arduino15\packages\Intel\hardware\arc32\1.0.5\variants\arduino_101\libarc32drv_arduino101.a(port.o)
                0x4003c044                port_send_message
 .text.message_free
                0x4003c0d8       0x4c C:\Users\syp\AppData\Local\arduino15\packages\Intel\hardware\arc32\1.0.5\variants\arduino_101\libarc32drv_arduino101.a(port.o)
                0x4003c0d8                message_free
 .text.queue_process_message
                0x4003c124       0x48 C:\Users\syp\AppData\Local\arduino15\packages\Intel\hardware\arc32\1.0.5\variants\arduino_101\libarc32drv_arduino101.a(port.o)
                0x4003c124                queue_process_message
 .text.get_uptime_32k
                0x4003c16c       0x14 C:\Users\syp\AppData\Local\arduino15\packages\Intel\hardware\arc32\1.0.5\variants\arduino_101\libarc32drv_arduino101.a(uptime.o)
                0x4003c16c                get_uptime_32k
 .text.get_uptime_ms
                0x4003c180       0x28 C:\Users\syp\AppData\Local\arduino15\packages\Intel\hardware\arc32\1.0.5\variants\arduino_101\libarc32drv_arduino101.a(uptime.o)
                0x4003c180                get_uptime_ms
 .text.list_init
                0x4003c1a8       0x14 C:\Users\syp\AppData\Local\arduino15\packages\Intel\hardware\arc32\1.0.5\variants\arduino_101\libarc32drv_arduino101.a(list.o)
                0x4003c1a8                list_init
 .text.list_add
                0x4003c1bc       0x28 C:\Users\syp\AppData\Local\arduino15\packages\Intel\hardware\arc32\1.0.5\variants\arduino_101\libarc32drv_arduino101.a(list.o)
                0x4003c1bc                list_add
 .text.list_foreach_del
                0x4003c1e4       0x60 C:\Users\syp\AppData\Local\arduino15\packages\Intel\hardware\arc32\1.0.5\variants\arduino_101\libarc32drv_arduino101.a(list.o)
                0x4003c1e4                list_foreach_del
 .text.list_get
                0x4003c244       0x24 C:\Users\syp\AppData\Local\arduino15\packages\Intel\hardware\arc32\1.0.5\variants\arduino_101\libarc32drv_arduino101.a(list.o)
                0x4003c244                list_get
 .text.cfw_alloc
                0x4003c268       0x2c C:\Users\syp\AppData\Local\arduino15\packages\Intel\hardware\arc32\1.0.5\variants\arduino_101\libarc32drv_arduino101.a(os.o)
                0x4003c268                cfw_alloc
 .text.cfw_free
                0x4003c294       0x28 C:\Users\syp\AppData\Local\arduino15\packages\Intel\hardware\arc32\1.0.5\variants\arduino_101\libarc32drv_arduino101.a(os.o)
                0x4003c294                cfw_free
 .text.balloc   0x4003c2bc       0x10 C:\Users\syp\AppData\Local\arduino15\packages\Intel\hardware\arc32\1.0.5\variants\arduino_101\libarc32drv_arduino101.a(os.o)
                0x4003c2bc                balloc
 .text.bfree    0x4003c2cc       0x18 C:\Users\syp\AppData\Local\arduino15\packages\Intel\hardware\arc32\1.0.5\variants\arduino_101\libarc32drv_arduino101.a(os.o)
                0x4003c2cc                bfree
 .text.queue_get_message
                0x4003c2e4       0x28 C:\Users\syp\AppData\Local\arduino15\packages\Intel\hardware\arc32\1.0.5\variants\arduino_101\libarc32drv_arduino101.a(os.o)
                0x4003c2e4                queue_get_message
 .text.queue_send_message
                0x4003c30c       0x24 C:\Users\syp\AppData\Local\arduino15\packages\Intel\hardware\arc32\1.0.5\variants\arduino_101\libarc32drv_arduino101.a(os.o)
                0x4003c30c                queue_send_message
 .text.queue_create
                0x4003c330       0x54 C:\Users\syp\AppData\Local\arduino15\packages\Intel\hardware\arc32\1.0.5\variants\arduino_101\libarc32drv_arduino101.a(os.o)
                0x4003c330                queue_create
 .text.mutex_create
                0x4003c384       0x10 C:\Users\syp\AppData\Local\arduino15\packages\Intel\hardware\arc32\1.0.5\variants\arduino_101\libarc32drv_arduino101.a(os.o)
                0x4003c384                mutex_create
 .text.mutex_unlock
                0x4003c394        0xc C:\Users\syp\AppData\Local\arduino15\packages\Intel\hardware\arc32\1.0.5\variants\arduino_101\libarc32drv_arduino101.a(os.o)
                0x4003c394                mutex_unlock
 .text.mutex_lock
                0x4003c3a0       0x10 C:\Users\syp\AppData\Local\arduino15\packages\Intel\hardware\arc32\1.0.5\variants\arduino_101\libarc32drv_arduino101.a(os.o)
                0x4003c3a0                mutex_lock
 .text._Z15updateStepCountv
                0x4003c3b0        0xc C:\Users\syp\AppData\Local\Temp\VMicroBuilds\spider\Intel_intel_arc32_arduino_101\spider.cpp.o
                0x4003c3b0                updateStepCount()
 .text._Z17taskHeadingUpdatev
                0x4003c3bc       0x94 C:\Users\syp\AppData\Local\Temp\VMicroBuilds\spider\Intel_intel_arc32_arduino_101\spider.cpp.o
                0x4003c3bc                taskHeadingUpdate()
 .text._ZN22BLETypedCharacteristicIlED2Ev
                0x4003c450       0x18 C:\Users\syp\AppData\Local\Temp\VMicroBuilds\spider\Intel_intel_arc32_arduino_101\spider.cpp.o
                0x4003c450                BLETypedCharacteristic<long>::~BLETypedCharacteristic()
                0x4003c450                BLETypedCharacteristic<long>::~BLETypedCharacteristic()
 .text._ZN21BLELongCharacteristicD2Ev
                0x4003c468       0x18 C:\Users\syp\AppData\Local\Temp\VMicroBuilds\spider\Intel_intel_arc32_arduino_101\spider.cpp.o
                0x4003c468                BLELongCharacteristic::~BLELongCharacteristic()
                0x4003c468                BLELongCharacteristic::~BLELongCharacteristic()
 .text._ZN22BLETypedCharacteristicIfED2Ev
                0x4003c480       0x18 C:\Users\syp\AppData\Local\Temp\VMicroBuilds\spider\Intel_intel_arc32_arduino_101\spider.cpp.o
                0x4003c480                BLETypedCharacteristic<float>::~BLETypedCharacteristic()
                0x4003c480                BLETypedCharacteristic<float>::~BLETypedCharacteristic()
 .text._ZN22BLEFloatCharacteristicD2Ev
                0x4003c498       0x18 C:\Users\syp\AppData\Local\Temp\VMicroBuilds\spider\Intel_intel_arc32_arduino_101\spider.cpp.o
                0x4003c498                BLEFloatCharacteristic::~BLEFloatCharacteristic()
                0x4003c498                BLEFloatCharacteristic::~BLEFloatCharacteristic()
 .text._ZN22BLETypedCharacteristicIlED0Ev
                0x4003c4b0       0x24 C:\Users\syp\AppData\Local\Temp\VMicroBuilds\spider\Intel_intel_arc32_arduino_101\spider.cpp.o
                0x4003c4b0                BLETypedCharacteristic<long>::~BLETypedCharacteristic()
 .text._ZN21BLELongCharacteristicD0Ev
                0x4003c4d4       0x24 C:\Users\syp\AppData\Local\Temp\VMicroBuilds\spider\Intel_intel_arc32_arduino_101\spider.cpp.o
                0x4003c4d4                BLELongCharacteristic::~BLELongCharacteristic()
 .text._ZN22BLETypedCharacteristicIfED0Ev
                0x4003c4f8       0x24 C:\Users\syp\AppData\Local\Temp\VMicroBuilds\spider\Intel_intel_arc32_arduino_101\spider.cpp.o
                0x4003c4f8                BLETypedCharacteristic<float>::~BLETypedCharacteristic()
 .text._ZN22BLEFloatCharacteristicD0Ev
                0x4003c51c       0x24 C:\Users\syp\AppData\Local\Temp\VMicroBuilds\spider\Intel_intel_arc32_arduino_101\spider.cpp.o
                0x4003c51c                BLEFloatCharacteristic::~BLEFloatCharacteristic()
 .text._Z26taskReceiveJoystickMessagev
                0x4003c540       0x80 C:\Users\syp\AppData\Local\Temp\VMicroBuilds\spider\Intel_intel_arc32_arduino_101\spider.cpp.o
                0x4003c540                taskReceiveJoystickMessage()
 .text._Z15taskStepCounterv
                0x4003c5c0       0x60 C:\Users\syp\AppData\Local\Temp\VMicroBuilds\spider\Intel_intel_arc32_arduino_101\spider.cpp.o
                0x4003c5c0                taskStepCounter()
 .text._ZN7MPU605013dmpInitializeEv
                0x4003c620      0x3ac C:\Users\syp\AppData\Local\Temp\VMicroBuilds\spider\Intel_intel_arc32_arduino_101\spider.cpp.o
                0x4003c620                MPU6050::dmpInitialize()
 .text._ZN7MPU605016dmpGetQuaternionEPsPKh
                0x4003c9cc       0x4c C:\Users\syp\AppData\Local\Temp\VMicroBuilds\spider\Intel_intel_arc32_arduino_101\spider.cpp.o
                0x4003c9cc                MPU6050::dmpGetQuaternion(short*, unsigned char const*)
 .text._ZN7MPU605016dmpGetQuaternionEP10QuaternionPKh
                0x4003ca18       0x90 C:\Users\syp\AppData\Local\Temp\VMicroBuilds\spider\Intel_intel_arc32_arduino_101\spider.cpp.o
                0x4003ca18                MPU6050::dmpGetQuaternion(Quaternion*, unsigned char const*)
 .text._ZN7MPU605013dmpGetGravityEP11VectorFloatP10Quaternion
                0x4003caa8       0xb8 C:\Users\syp\AppData\Local\Temp\VMicroBuilds\spider\Intel_intel_arc32_arduino_101\spider.cpp.o
                0x4003caa8                MPU6050::dmpGetGravity(VectorFloat*, Quaternion*)
 .text._ZN7MPU605018dmpGetYawPitchRollEPfP10QuaternionP11VectorFloat
                0x4003cb60      0x138 C:\Users\syp\AppData\Local\Temp\VMicroBuilds\spider\Intel_intel_arc32_arduino_101\spider.cpp.o
                0x4003cb60                MPU6050::dmpGetYawPitchRoll(float*, Quaternion*, VectorFloat*)
 .text.soft_i2c_delay
                0x4003cc98       0x20 C:\Users\syp\AppData\Local\Temp\VMicroBuilds\spider\Intel_intel_arc32_arduino_101\spider.cpp.o
                0x4003cc98                soft_i2c_delay
 .text.soft_i2c_sda_mode
                0x4003ccb8       0x1c C:\Users\syp\AppData\Local\Temp\VMicroBuilds\spider\Intel_intel_arc32_arduino_101\spider.cpp.o
                0x4003ccb8                soft_i2c_sda_mode
 .text.soft_i2c_sda_write
                0x4003ccd4       0x14 C:\Users\syp\AppData\Local\Temp\VMicroBuilds\spider\Intel_intel_arc32_arduino_101\spider.cpp.o
                0x4003ccd4                soft_i2c_sda_write
 .text.soft_i2c_sda_read
                0x4003cce8       0x18 C:\Users\syp\AppData\Local\Temp\VMicroBuilds\spider\Intel_intel_arc32_arduino_101\spider.cpp.o
                0x4003cce8                soft_i2c_sda_read
 .text.soft_i2c_scl_write
                0x4003cd00       0x14 C:\Users\syp\AppData\Local\Temp\VMicroBuilds\spider\Intel_intel_arc32_arduino_101\spider.cpp.o
                0x4003cd00                soft_i2c_scl_write
 .text._Z14schedule_tasksv
                0x4003cd14       0x44 C:\Users\syp\AppData\Local\Temp\VMicroBuilds\spider\Intel_intel_arc32_arduino_101\spider.cpp.o
                0x4003cd14                schedule_tasks()
 .text._Z12schedule_dmpv
                0x4003cd58       0xfc C:\Users\syp\AppData\Local\Temp\VMicroBuilds\spider\Intel_intel_arc32_arduino_101\spider.cpp.o
                0x4003cd58                schedule_dmp()
 .text.loop     0x4003ce54      0x104 C:\Users\syp\AppData\Local\Temp\VMicroBuilds\spider\Intel_intel_arc32_arduino_101\spider.cpp.o
                0x4003ce54                loop
 .text._GLOBAL__sub_I__ZN7MPU605013dmpInitializeEv
                0x4003cf58      0x120 C:\Users\syp\AppData\Local\Temp\VMicroBuilds\spider\Intel_intel_arc32_arduino_101\spider.cpp.o
 .text.setup    0x4003d078      0x28c C:\Users\syp\AppData\Local\Temp\VMicroBuilds\spider\Intel_intel_arc32_arduino_101\spider.cpp.o
                0x4003d078                setup
 .text._ZN11BMI160Class8reg_readEh
                0x4003d304       0x2c C:\Users\syp\AppData\Local\Temp\VMicroBuilds\spider\Intel_intel_arc32_arduino_101\CurieIMU\BMI160.cpp.o
                0x4003d304                BMI160Class::reg_read(unsigned char)
 .text._ZN11BMI160Class9reg_writeEhh
                0x4003d330       0x2c C:\Users\syp\AppData\Local\Temp\VMicroBuilds\spider\Intel_intel_arc32_arduino_101\CurieIMU\BMI160.cpp.o
                0x4003d330                BMI160Class::reg_write(unsigned char, unsigned char)
 .text._ZN11BMI160Class14reg_write_bitsEhhjj
                0x4003d35c       0x58 C:\Users\syp\AppData\Local\Temp\VMicroBuilds\spider\Intel_intel_arc32_arduino_101\CurieIMU\BMI160.cpp.o
                0x4003d35c                BMI160Class::reg_write_bits(unsigned char, unsigned char, unsigned int, unsigned int)
 .text._ZN11BMI160Class11getDeviceIDEv
                0x4003d3b4       0x10 C:\Users\syp\AppData\Local\Temp\VMicroBuilds\spider\Intel_intel_arc32_arduino_101\CurieIMU\BMI160.cpp.o
                0x4003d3b4                BMI160Class::getDeviceID()
 .text._ZN11BMI160Class21setFullScaleGyroRangeEh
                0x4003d3c4       0x18 C:\Users\syp\AppData\Local\Temp\VMicroBuilds\spider\Intel_intel_arc32_arduino_101\CurieIMU\BMI160.cpp.o
                0x4003d3c4                BMI160Class::setFullScaleGyroRange(unsigned char)
 .text._ZN11BMI160Class22setFullScaleAccelRangeEh
                0x4003d3dc       0x18 C:\Users\syp\AppData\Local\Temp\VMicroBuilds\spider\Intel_intel_arc32_arduino_101\CurieIMU\BMI160.cpp.o
                0x4003d3dc                BMI160Class::setFullScaleAccelRange(unsigned char)
 .text._ZN11BMI160Class10initializeEv
                0x4003d3f4       0xa4 C:\Users\syp\AppData\Local\Temp\VMicroBuilds\spider\Intel_intel_arc32_arduino_101\CurieIMU\BMI160.cpp.o
                0x4003d3f4                BMI160Class::initialize()
 .text._ZN11BMI160Class20setGyroOffsetEnabledEb
                0x4003d498       0x18 C:\Users\syp\AppData\Local\Temp\VMicroBuilds\spider\Intel_intel_arc32_arduino_101\CurieIMU\BMI160.cpp.o
                0x4003d498                BMI160Class::setGyroOffsetEnabled(bool)
 .text._ZN11BMI160Class23autoCalibrateGyroOffsetEv
                0x4003d4b0       0x44 C:\Users\syp\AppData\Local\Temp\VMicroBuilds\spider\Intel_intel_arc32_arduino_101\CurieIMU\BMI160.cpp.o
                0x4003d4b0                BMI160Class::autoCalibrateGyroOffset()
 .text._ZN11BMI160Class20setStepDetectionModeE14BMI160StepMode
                0x4003d4f4       0x58 C:\Users\syp\AppData\Local\Temp\VMicroBuilds\spider\Intel_intel_arc32_arduino_101\CurieIMU\BMI160.cpp.o
                0x4003d4f4                BMI160Class::setStepDetectionMode(BMI160StepMode)
 .text._ZN11BMI160Class19setStepCountEnabledEb
                0x4003d54c       0x18 C:\Users\syp\AppData\Local\Temp\VMicroBuilds\spider\Intel_intel_arc32_arduino_101\CurieIMU\BMI160.cpp.o
                0x4003d54c                BMI160Class::setStepCountEnabled(bool)
 .text._ZN11BMI160Class12getStepCountEv
                0x4003d564       0x34 C:\Users\syp\AppData\Local\Temp\VMicroBuilds\spider\Intel_intel_arc32_arduino_101\CurieIMU\BMI160.cpp.o
                0x4003d564                BMI160Class::getStepCount()
 .text._ZN11BMI160Class21setIntFreefallEnabledEb
                0x4003d598       0x18 C:\Users\syp\AppData\Local\Temp\VMicroBuilds\spider\Intel_intel_arc32_arduino_101\CurieIMU\BMI160.cpp.o
                0x4003d598                BMI160Class::setIntFreefallEnabled(bool)
 .text._ZN11BMI160Class18setIntShockEnabledEb
                0x4003d5b0       0x20 C:\Users\syp\AppData\Local\Temp\VMicroBuilds\spider\Intel_intel_arc32_arduino_101\CurieIMU\BMI160.cpp.o
                0x4003d5b0                BMI160Class::setIntShockEnabled(bool)
 .text._ZN11BMI160Class17setIntStepEnabledEb
                0x4003d5d0       0x18 C:\Users\syp\AppData\Local\Temp\VMicroBuilds\spider\Intel_intel_arc32_arduino_101\CurieIMU\BMI160.cpp.o
                0x4003d5d0                BMI160Class::setIntStepEnabled(bool)
 .text._ZN11BMI160Class19setIntMotionEnabledEb
                0x4003d5e8       0x20 C:\Users\syp\AppData\Local\Temp\VMicroBuilds\spider\Intel_intel_arc32_arduino_101\CurieIMU\BMI160.cpp.o
                0x4003d5e8                BMI160Class::setIntMotionEnabled(bool)
 .text._ZN11BMI160Class23setIntZeroMotionEnabledEb
                0x4003d608       0x40 C:\Users\syp\AppData\Local\Temp\VMicroBuilds\spider\Intel_intel_arc32_arduino_101\CurieIMU\BMI160.cpp.o
                0x4003d608                BMI160Class::setIntZeroMotionEnabled(bool)
 .text._ZN11BMI160Class16setIntTapEnabledEb
                0x4003d648       0x18 C:\Users\syp\AppData\Local\Temp\VMicroBuilds\spider\Intel_intel_arc32_arduino_101\CurieIMU\BMI160.cpp.o
                0x4003d648                BMI160Class::setIntTapEnabled(bool)
 .text._ZN11BMI160Class22setIntDoubleTapEnabledEb
                0x4003d660       0x18 C:\Users\syp\AppData\Local\Temp\VMicroBuilds\spider\Intel_intel_arc32_arduino_101\CurieIMU\BMI160.cpp.o
                0x4003d660                BMI160Class::setIntDoubleTapEnabled(bool)
 .text._ZN11BMI160Class27setIntFIFOBufferFullEnabledEb
                0x4003d678       0x18 C:\Users\syp\AppData\Local\Temp\VMicroBuilds\spider\Intel_intel_arc32_arduino_101\CurieIMU\BMI160.cpp.o
                0x4003d678                BMI160Class::setIntFIFOBufferFullEnabled(bool)
 .text._ZN11BMI160Class22setIntDataReadyEnabledEb
                0x4003d690       0x18 C:\Users\syp\AppData\Local\Temp\VMicroBuilds\spider\Intel_intel_arc32_arduino_101\CurieIMU\BMI160.cpp.o
                0x4003d690                BMI160Class::setIntDataReadyEnabled(bool)
 .text._ZN11BMI160Class16setInterruptModeEb
                0x4003d6a8       0x1c C:\Users\syp\AppData\Local\Temp\VMicroBuilds\spider\Intel_intel_arc32_arduino_101\CurieIMU\BMI160.cpp.o
                0x4003d6a8                BMI160Class::setInterruptMode(bool)
 .text._ZN11BMI160Class17setInterruptDriveEb
                0x4003d6c4       0x18 C:\Users\syp\AppData\Local\Temp\VMicroBuilds\spider\Intel_intel_arc32_arduino_101\CurieIMU\BMI160.cpp.o
                0x4003d6c4                BMI160Class::setInterruptDrive(bool)
 .text._ZN11BMI160Class17setInterruptLatchEh
                0x4003d6dc       0x18 C:\Users\syp\AppData\Local\Temp\VMicroBuilds\spider\Intel_intel_arc32_arduino_101\CurieIMU\BMI160.cpp.o
                0x4003d6dc                BMI160Class::setInterruptLatch(unsigned char)
 .text._ZN11BMI160Class13setIntEnabledEb
                0x4003d6f4       0x18 C:\Users\syp\AppData\Local\Temp\VMicroBuilds\spider\Intel_intel_arc32_arduino_101\CurieIMU\BMI160.cpp.o
                0x4003d6f4                BMI160Class::setIntEnabled(bool)
 .text._ZN13CurieIMUClass22serial_buffer_transferEPhjj
                0x4003d70c       0x38 C:\Users\syp\AppData\Local\Temp\VMicroBuilds\spider\Intel_intel_arc32_arduino_101\CurieIMU\CurieIMU.cpp.o
                0x4003d70c                CurieIMUClass::serial_buffer_transfer(unsigned char*, unsigned int, unsigned int)
 .text._Z15bmi160_pin1_isrv
                0x4003d744       0x2c C:\Users\syp\AppData\Local\Temp\VMicroBuilds\spider\Intel_intel_arc32_arduino_101\CurieIMU\CurieIMU.cpp.o
                0x4003d744                bmi160_pin1_isr()
 .text._ZN13CurieIMUClass5beginEv
                0x4003d770       0x7c C:\Users\syp\AppData\Local\Temp\VMicroBuilds\spider\Intel_intel_arc32_arduino_101\CurieIMU\CurieIMU.cpp.o
                0x4003d770                CurieIMUClass::begin()
 .text._ZN13CurieIMUClass12setGyroRangeEi
                0x4003d7ec       0x38 C:\Users\syp\AppData\Local\Temp\VMicroBuilds\spider\Intel_intel_arc32_arduino_101\CurieIMU\CurieIMU.cpp.o
                0x4003d7ec                CurieIMUClass::setGyroRange(int)
 .text._ZN13CurieIMUClass21setAccelerometerRangeEi
                0x4003d824       0x28 C:\Users\syp\AppData\Local\Temp\VMicroBuilds\spider\Intel_intel_arc32_arduino_101\CurieIMU\CurieIMU.cpp.o
                0x4003d824                CurieIMUClass::setAccelerometerRange(int)
 .text._ZN13CurieIMUClass23autoCalibrateGyroOffsetEv
                0x4003d84c       0x28 C:\Users\syp\AppData\Local\Temp\VMicroBuilds\spider\Intel_intel_arc32_arduino_101\CurieIMU\CurieIMU.cpp.o
                0x4003d84c                CurieIMUClass::autoCalibrateGyroOffset()
 .text._ZN13CurieIMUClass15enableInterruptEib
                0x4003d874       0x78 C:\Users\syp\AppData\Local\Temp\VMicroBuilds\spider\Intel_intel_arc32_arduino_101\CurieIMU\CurieIMU.cpp.o
                0x4003d874                CurieIMUClass::enableInterrupt(int, bool)
 .text._ZN13CurieIMUClass10interruptsEi
                0x4003d8ec       0x10 C:\Users\syp\AppData\Local\Temp\VMicroBuilds\spider\Intel_intel_arc32_arduino_101\CurieIMU\CurieIMU.cpp.o
                0x4003d8ec                CurieIMUClass::interrupts(int)
 .text._ZN13CurieIMUClass20setStepDetectionModeEi
                0x4003d8fc       0x10 C:\Users\syp\AppData\Local\Temp\VMicroBuilds\spider\Intel_intel_arc32_arduino_101\CurieIMU\CurieIMU.cpp.o
                0x4003d8fc                CurieIMUClass::setStepDetectionMode(int)
 .text._ZN13CurieIMUClass15attachInterruptEPFvvE
                0x4003d90c       0x7c C:\Users\syp\AppData\Local\Temp\VMicroBuilds\spider\Intel_intel_arc32_arduino_101\CurieIMU\CurieIMU.cpp.o
                0x4003d90c                CurieIMUClass::attachInterrupt(void (*)())
 .text._GLOBAL__sub_I__ZN13CurieIMUClass5beginEv
                0x4003d988       0x1c C:\Users\syp\AppData\Local\Temp\VMicroBuilds\spider\Intel_intel_arc32_arduino_101\CurieIMU\CurieIMU.cpp.o
 .text.ss_spi_init
                0x4003d9a4       0x68 C:\Users\syp\AppData\Local\Temp\VMicroBuilds\spider\Intel_intel_arc32_arduino_101\CurieIMU\internal\ss_spi.c.o
                0x4003d9a4                ss_spi_init
 .text.ss_spi_xfer
                0x4003da0c       0xec C:\Users\syp\AppData\Local\Temp\VMicroBuilds\spider\Intel_intel_arc32_arduino_101\CurieIMU\internal\ss_spi.c.o
                0x4003da0c                ss_spi_xfer
 .text._ZN12BLEAttributeC2EPKc16BLEAttributeType
                0x4003daf8       0x20 C:\Users\syp\AppData\Local\Temp\VMicroBuilds\spider\Intel_intel_arc32_arduino_101\CurieBLE\BLEAttribute.cpp.o
                0x4003daf8                BLEAttribute::BLEAttribute(char const*, BLEAttributeType)
                0x4003daf8                BLEAttribute::BLEAttribute(char const*, BLEAttributeType)
 .text._ZNK12BLEAttribute4uuidEv
                0x4003db18       0x10 C:\Users\syp\AppData\Local\Temp\VMicroBuilds\spider\Intel_intel_arc32_arduino_101\CurieBLE\BLEAttribute.cpp.o
                0x4003db18                BLEAttribute::uuid() const
 .text._ZNK12BLEAttribute4typeEv
                0x4003db28       0x10 C:\Users\syp\AppData\Local\Temp\VMicroBuilds\spider\Intel_intel_arc32_arduino_101\CurieBLE\BLEAttribute.cpp.o
                0x4003db28                BLEAttribute::type() const
 .text._ZN12BLEAttribute6handleEv
                0x4003db38       0x10 C:\Users\syp\AppData\Local\Temp\VMicroBuilds\spider\Intel_intel_arc32_arduino_101\CurieBLE\BLEAttribute.cpp.o
                0x4003db38                BLEAttribute::handle()
 .text._ZN12BLEAttribute9setHandleEt
                0x4003db48       0x10 C:\Users\syp\AppData\Local\Temp\VMicroBuilds\spider\Intel_intel_arc32_arduino_101\CurieBLE\BLEAttribute.cpp.o
                0x4003db48                BLEAttribute::setHandle(unsigned short)
 .text._ZNK12BLEAttribute6btUuidEv
                0x4003db58       0x38 C:\Users\syp\AppData\Local\Temp\VMicroBuilds\spider\Intel_intel_arc32_arduino_101\CurieBLE\BLEAttribute.cpp.o
                0x4003db58                BLEAttribute::btUuid() const
 .text._ZN12BLEAttribute13numAttributesEv
                0x4003db90       0x14 C:\Users\syp\AppData\Local\Temp\VMicroBuilds\spider\Intel_intel_arc32_arduino_101\CurieBLE\BLEAttribute.cpp.o
                0x4003db90                BLEAttribute::numAttributes()
 .text._ZNK10BLECentralcvbEv
                0x4003dba4       0x40 C:\Users\syp\AppData\Local\Temp\VMicroBuilds\spider\Intel_intel_arc32_arduino_101\CurieBLE\BLECentral.cpp.o
                0x4003dba4                BLECentral::operator bool() const
 .text._ZNK10BLECentraleqERKS_
                0x4003dbe4       0x20 C:\Users\syp\AppData\Local\Temp\VMicroBuilds\spider\Intel_intel_arc32_arduino_101\CurieBLE\BLECentral.cpp.o
                0x4003dbe4                BLECentral::operator==(BLECentral const&) const
 .text._ZN10BLECentral4pollEv
                0x4003dc04       0x10 C:\Users\syp\AppData\Local\Temp\VMicroBuilds\spider\Intel_intel_arc32_arduino_101\CurieBLE\BLECentral.cpp.o
                0x4003dc04                BLECentral::poll()
 .text._ZN10BLECentral9connectedEv
                0x4003dc14       0x48 C:\Users\syp\AppData\Local\Temp\VMicroBuilds\spider\Intel_intel_arc32_arduino_101\CurieBLE\BLECentral.cpp.o
                0x4003dc14                BLECentral::connected()
 .text._ZN10BLECentral10setAddressE10ble_addr_t
                0x4003dc5c       0x28 C:\Users\syp\AppData\Local\Temp\VMicroBuilds\spider\Intel_intel_arc32_arduino_101\CurieBLE\BLECentral.cpp.o
                0x4003dc5c                BLECentral::setAddress(ble_addr_t)
 .text._ZN10BLECentral12clearAddressEv
                0x4003dc84       0x14 C:\Users\syp\AppData\Local\Temp\VMicroBuilds\spider\Intel_intel_arc32_arduino_101\CurieBLE\BLECentral.cpp.o
                0x4003dc84                BLECentral::clearAddress()
 .text._ZN10BLECentralC2EP13BLEPeripheral
                0x4003dc98       0x10 C:\Users\syp\AppData\Local\Temp\VMicroBuilds\spider\Intel_intel_arc32_arduino_101\CurieBLE\BLECentral.cpp.o
                0x4003dc98                BLECentral::BLECentral(BLEPeripheral*)
                0x4003dc98                BLECentral::BLECentral(BLEPeripheral*)
 .text._ZN17BLECharacteristicD2Ev
                0x4003dca8       0x30 C:\Users\syp\AppData\Local\Temp\VMicroBuilds\spider\Intel_intel_arc32_arduino_101\CurieBLE\BLECharacteristic.cpp.o
                0x4003dca8                BLECharacteristic::~BLECharacteristic()
                0x4003dca8                BLECharacteristic::~BLECharacteristic()
 .text._ZN17BLECharacteristicD0Ev
                0x4003dcd8       0x24 C:\Users\syp\AppData\Local\Temp\VMicroBuilds\spider\Intel_intel_arc32_arduino_101\CurieBLE\BLECharacteristic.cpp.o
                0x4003dcd8                BLECharacteristic::~BLECharacteristic()
 .text._ZN17BLECharacteristicC2EPKcht
                0x4003dcfc       0x68 C:\Users\syp\AppData\Local\Temp\VMicroBuilds\spider\Intel_intel_arc32_arduino_101\CurieBLE\BLECharacteristic.cpp.o
                0x4003dcfc                BLECharacteristic::BLECharacteristic(char const*, unsigned char, unsigned short)
                0x4003dcfc                BLECharacteristic::BLECharacteristic(char const*, unsigned char, unsigned short)
 .text._ZNK17BLECharacteristic5valueEv
                0x4003dd64       0x10 C:\Users\syp\AppData\Local\Temp\VMicroBuilds\spider\Intel_intel_arc32_arduino_101\CurieBLE\BLECharacteristic.cpp.o
                0x4003dd64                BLECharacteristic::value() const
 .text._ZN17BLECharacteristic7writtenEv
                0x4003dd74       0x14 C:\Users\syp\AppData\Local\Temp\VMicroBuilds\spider\Intel_intel_arc32_arduino_101\CurieBLE\BLECharacteristic.cpp.o
                0x4003dd74                BLECharacteristic::written()
 .text._ZN17BLECharacteristic3addEt
                0x4003dd88       0xf8 C:\Users\syp\AppData\Local\Temp\VMicroBuilds\spider\Intel_intel_arc32_arduino_101\CurieBLE\BLECharacteristic.cpp.o
                0x4003dd88                BLECharacteristic::add(unsigned short)
 .text._ZN17BLECharacteristic11valueHandleEv
                0x4003de80       0x10 C:\Users\syp\AppData\Local\Temp\VMicroBuilds\spider\Intel_intel_arc32_arduino_101\CurieBLE\BLECharacteristic.cpp.o
                0x4003de80                BLECharacteristic::valueHandle()
 .text._ZN17BLECharacteristic10cccdHandleEv
                0x4003de90       0x10 C:\Users\syp\AppData\Local\Temp\VMicroBuilds\spider\Intel_intel_arc32_arduino_101\CurieBLE\BLECharacteristic.cpp.o
                0x4003de90                BLECharacteristic::cccdHandle()
 .text._ZN17BLECharacteristic12setCccdValueER10BLECentralt
                0x4003dea0       0x30 C:\Users\syp\AppData\Local\Temp\VMicroBuilds\spider\Intel_intel_arc32_arduino_101\CurieBLE\BLECharacteristic.cpp.o
                0x4003dea0                BLECharacteristic::setCccdValue(BLECentral&, unsigned short)
 .text._ZN17BLECharacteristic18setUserDescriptionEP13BLEDescriptor
                0x4003ded0       0x10 C:\Users\syp\AppData\Local\Temp\VMicroBuilds\spider\Intel_intel_arc32_arduino_101\CurieBLE\BLECharacteristic.cpp.o
                0x4003ded0                BLECharacteristic::setUserDescription(BLEDescriptor*)
 .text._ZN17BLECharacteristic21setPresentationFormatEP13BLEDescriptor
                0x4003dee0       0x10 C:\Users\syp\AppData\Local\Temp\VMicroBuilds\spider\Intel_intel_arc32_arduino_101\CurieBLE\BLECharacteristic.cpp.o
                0x4003dee0                BLECharacteristic::setPresentationFormat(BLEDescriptor*)
 .text._ZN17BLECharacteristic9_setValueEPKht
                0x4003def0       0x30 C:\Users\syp\AppData\Local\Temp\VMicroBuilds\spider\Intel_intel_arc32_arduino_101\CurieBLE\BLECharacteristic.cpp.o
                0x4003def0                BLECharacteristic::_setValue(unsigned char const*, unsigned short)
 .text._ZN17BLECharacteristic8setValueEPKht
                0x4003df20       0x68 C:\Users\syp\AppData\Local\Temp\VMicroBuilds\spider\Intel_intel_arc32_arduino_101\CurieBLE\BLECharacteristic.cpp.o
                0x4003df20                BLECharacteristic::setValue(unsigned char const*, unsigned short)
 .text._ZN17BLECharacteristic8setValueER10BLECentralPKht
                0x4003df88       0x40 C:\Users\syp\AppData\Local\Temp\VMicroBuilds\spider\Intel_intel_arc32_arduino_101\CurieBLE\BLECharacteristic.cpp.o
                0x4003df88                BLECharacteristic::setValue(BLECentral&, unsigned char const*, unsigned short)
 .text._ZNK13BLEDescriptor5valueEv
                0x4003dfc8       0x10 C:\Users\syp\AppData\Local\Temp\VMicroBuilds\spider\Intel_intel_arc32_arduino_101\CurieBLE\BLEDescriptor.cpp.o
                0x4003dfc8                BLEDescriptor::value() const
 .text._ZNK13BLEDescriptor11valueLengthEv
                0x4003dfd8       0x10 C:\Users\syp\AppData\Local\Temp\VMicroBuilds\spider\Intel_intel_arc32_arduino_101\CurieBLE\BLEDescriptor.cpp.o
                0x4003dfd8                BLEDescriptor::valueLength() const
 .text._ZN13BLEDescriptor3addEt
                0x4003dfe8       0x70 C:\Users\syp\AppData\Local\Temp\VMicroBuilds\spider\Intel_intel_arc32_arduino_101\CurieBLE\BLEDescriptor.cpp.o
                0x4003dfe8                BLEDescriptor::add(unsigned short)
 .text._ZN13BLEPeripheralD2Ev
                0x4003e058       0x24 C:\Users\syp\AppData\Local\Temp\VMicroBuilds\spider\Intel_intel_arc32_arduino_101\CurieBLE\BLEPeripheral.cpp.o
                0x4003e058                BLEPeripheral::~BLEPeripheral()
                0x4003e058                BLEPeripheral::~BLEPeripheral()
 .text._ZN13BLEPeripheralD0Ev
                0x4003e07c       0x24 C:\Users\syp\AppData\Local\Temp\VMicroBuilds\spider\Intel_intel_arc32_arduino_101\CurieBLE\BLEPeripheral.cpp.o
                0x4003e07c                BLEPeripheral::~BLEPeripheral()
 .text._ZN13BLEPeripheralC2Ev
                0x4003e0a0       0x5c C:\Users\syp\AppData\Local\Temp\VMicroBuilds\spider\Intel_intel_arc32_arduino_101\CurieBLE\BLEPeripheral.cpp.o
                0x4003e0a0                BLEPeripheral::BLEPeripheral()
                0x4003e0a0                BLEPeripheral::BLEPeripheral()
 .text._ZN13BLEPeripheral4pollEv
                0x4003e0fc       0x10 C:\Users\syp\AppData\Local\Temp\VMicroBuilds\spider\Intel_intel_arc32_arduino_101\CurieBLE\BLEPeripheral.cpp.o
                0x4003e0fc                BLEPeripheral::poll()
 .text._ZN13BLEPeripheral24setAdvertisedServiceUuidEPKc
                0x4003e10c       0x10 C:\Users\syp\AppData\Local\Temp\VMicroBuilds\spider\Intel_intel_arc32_arduino_101\CurieBLE\BLEPeripheral.cpp.o
                0x4003e10c                BLEPeripheral::setAdvertisedServiceUuid(char const*)
 .text._ZN13BLEPeripheral12setLocalNameEPKc
                0x4003e11c       0x10 C:\Users\syp\AppData\Local\Temp\VMicroBuilds\spider\Intel_intel_arc32_arduino_101\CurieBLE\BLEPeripheral.cpp.o
                0x4003e11c                BLEPeripheral::setLocalName(char const*)
 .text._ZN13BLEPeripheral12addAttributeER12BLEAttribute
                0x4003e12c       0xb8 C:\Users\syp\AppData\Local\Temp\VMicroBuilds\spider\Intel_intel_arc32_arduino_101\CurieBLE\BLEPeripheral.cpp.o
                0x4003e12c                BLEPeripheral::addAttribute(BLEAttribute&)
 .text._ZN13BLEPeripheral7centralEv
                0x4003e1e4       0x30 C:\Users\syp\AppData\Local\Temp\VMicroBuilds\spider\Intel_intel_arc32_arduino_101\CurieBLE\BLEPeripheral.cpp.o
                0x4003e1e4                BLEPeripheral::central()
 .text._ZN13BLEPeripheral5_initEv
                0x4003e214       0x58 C:\Users\syp\AppData\Local\Temp\VMicroBuilds\spider\Intel_intel_arc32_arduino_101\CurieBLE\BLEPeripheral.cpp.o
                0x4003e214                BLEPeripheral::_init()
 .text._ZN13BLEPeripheral12_advDataInitEv
                0x4003e26c      0x11c C:\Users\syp\AppData\Local\Temp\VMicroBuilds\spider\Intel_intel_arc32_arduino_101\CurieBLE\BLEPeripheral.cpp.o
                0x4003e26c                BLEPeripheral::_advDataInit()
 .text._ZN13BLEPeripheral17_startAdvertisingEv
                0x4003e388       0x34 C:\Users\syp\AppData\Local\Temp\VMicroBuilds\spider\Intel_intel_arc32_arduino_101\CurieBLE\BLEPeripheral.cpp.o
                0x4003e388                BLEPeripheral::_startAdvertising()
 .text._ZN13BLEPeripheral5beginEv
                0x4003e3bc      0x104 C:\Users\syp\AppData\Local\Temp\VMicroBuilds\spider\Intel_intel_arc32_arduino_101\CurieBLE\BLEPeripheral.cpp.o
                0x4003e3bc                BLEPeripheral::begin()
 .text._ZN13BLEPeripheral14handleGapEventE22ble_client_gap_event_tP13ble_gap_event
                0x4003e4c0       0xec C:\Users\syp\AppData\Local\Temp\VMicroBuilds\spider\Intel_intel_arc32_arduino_101\CurieBLE\BLEPeripheral.cpp.o
                0x4003e4c0                BLEPeripheral::handleGapEvent(ble_client_gap_event_t, ble_gap_event*)
 .text._Z28blePeripheralGapEventHandler22ble_client_gap_event_tP13ble_gap_eventPv
                0x4003e5ac       0x18 C:\Users\syp\AppData\Local\Temp\VMicroBuilds\spider\Intel_intel_arc32_arduino_101\CurieBLE\BLEPeripheral.cpp.o
                0x4003e5ac                blePeripheralGapEventHandler(ble_client_gap_event_t, ble_gap_event*, void*)
 .text._ZN13BLEPeripheral16handleGattsEventE24ble_client_gatts_event_tP17ble_gatts_evt_msg
                0x4003e5c4       0xa8 C:\Users\syp\AppData\Local\Temp\VMicroBuilds\spider\Intel_intel_arc32_arduino_101\CurieBLE\BLEPeripheral.cpp.o
                0x4003e5c4                BLEPeripheral::handleGattsEvent(ble_client_gatts_event_t, ble_gatts_evt_msg*)
 .text._Z30blePeripheralGattsEventHandler24ble_client_gatts_event_tP17ble_gatts_evt_msgPv
                0x4003e66c       0x18 C:\Users\syp\AppData\Local\Temp\VMicroBuilds\spider\Intel_intel_arc32_arduino_101\CurieBLE\BLEPeripheral.cpp.o
                0x4003e66c                blePeripheralGattsEventHandler(ble_client_gatts_event_t, ble_gatts_evt_msg*, void*)
 .text._ZN10BLEServiceC2EPKc
                0x4003e684       0x14 C:\Users\syp\AppData\Local\Temp\VMicroBuilds\spider\Intel_intel_arc32_arduino_101\CurieBLE\BLEService.cpp.o
                0x4003e684                BLEService::BLEService(char const*)
                0x4003e684                BLEService::BLEService(char const*)
 .text._ZN10BLEService3addEv
                0x4003e698       0x50 C:\Users\syp\AppData\Local\Temp\VMicroBuilds\spider\Intel_intel_arc32_arduino_101\CurieBLE\BLEService.cpp.o
                0x4003e698                BLEService::add()
 .text._ZN21BLELongCharacteristicC2EPKch
                0x4003e6e8       0x58 C:\Users\syp\AppData\Local\Temp\VMicroBuilds\spider\Intel_intel_arc32_arduino_101\CurieBLE\BLETypedCharacteristics.cpp.o
                0x4003e6e8                BLELongCharacteristic::BLELongCharacteristic(char const*, unsigned char)
                0x4003e6e8                BLELongCharacteristic::BLELongCharacteristic(char const*, unsigned char)
 .text._ZN22BLEFloatCharacteristicC2EPKch
                0x4003e740       0x58 C:\Users\syp\AppData\Local\Temp\VMicroBuilds\spider\Intel_intel_arc32_arduino_101\CurieBLE\BLETypedCharacteristics.cpp.o
                0x4003e740                BLEFloatCharacteristic::BLEFloatCharacteristic(char const*, unsigned char)
                0x4003e740                BLEFloatCharacteristic::BLEFloatCharacteristic(char const*, unsigned char)
 .text._ZN7BLEUuidC2EPKc
                0x4003e798       0x8c C:\Users\syp\AppData\Local\Temp\VMicroBuilds\spider\Intel_intel_arc32_arduino_101\CurieBLE\BLEUuid.cpp.o
                0x4003e798                BLEUuid::BLEUuid(char const*)
                0x4003e798                BLEUuid::BLEUuid(char const*)
 .text._ZNK7BLEUuid4uuidEv
                0x4003e824       0x18 C:\Users\syp\AppData\Local\Temp\VMicroBuilds\spider\Intel_intel_arc32_arduino_101\CurieBLE\BLEUuid.cpp.o
                0x4003e824                BLEUuid::uuid() const
 .text.ble_core_client_handle_message
                0x4003e83c      0x244 C:\Users\syp\AppData\Local\Temp\VMicroBuilds\spider\Intel_intel_arc32_arduino_101\CurieBLE\internal\ble_client.c.o
 .text.ble_client_get_factory_config
                0x4003ea80      0x128 C:\Users\syp\AppData\Local\Temp\VMicroBuilds\spider\Intel_intel_arc32_arduino_101\CurieBLE\internal\ble_client.c.o
                0x4003ea80                ble_client_get_factory_config
 .text.ble_client_init
                0x4003eba8       0xec C:\Users\syp\AppData\Local\Temp\VMicroBuilds\spider\Intel_intel_arc32_arduino_101\CurieBLE\internal\ble_client.c.o
                0x4003eba8                ble_client_init
 .text.ble_client_gap_set_enable_config
                0x4003ec94      0x11c C:\Users\syp\AppData\Local\Temp\VMicroBuilds\spider\Intel_intel_arc32_arduino_101\CurieBLE\internal\ble_client.c.o
                0x4003ec94                ble_client_gap_set_enable_config
 .text.ble_client_gap_wr_adv_data
                0x4003edb0       0x78 C:\Users\syp\AppData\Local\Temp\VMicroBuilds\spider\Intel_intel_arc32_arduino_101\CurieBLE\internal\ble_client.c.o
                0x4003edb0                ble_client_gap_wr_adv_data
 .text.ble_client_gap_start_advertise
                0x4003ee28       0x4c C:\Users\syp\AppData\Local\Temp\VMicroBuilds\spider\Intel_intel_arc32_arduino_101\CurieBLE\internal\ble_client.c.o
                0x4003ee28                ble_client_gap_start_advertise
 .text.ble_client_gatts_add_service
                0x4003ee74       0x78 C:\Users\syp\AppData\Local\Temp\VMicroBuilds\spider\Intel_intel_arc32_arduino_101\CurieBLE\internal\ble_client.c.o
                0x4003ee74                ble_client_gatts_add_service
 .text.ble_client_gatts_add_characteristic
                0x4003eeec       0x78 C:\Users\syp\AppData\Local\Temp\VMicroBuilds\spider\Intel_intel_arc32_arduino_101\CurieBLE\internal\ble_client.c.o
                0x4003eeec                ble_client_gatts_add_characteristic
 .text.ble_client_gatts_add_descriptor
                0x4003ef64       0x70 C:\Users\syp\AppData\Local\Temp\VMicroBuilds\spider\Intel_intel_arc32_arduino_101\CurieBLE\internal\ble_client.c.o
                0x4003ef64                ble_client_gatts_add_descriptor
 .text.ble_client_gatts_set_attribute_value
                0x4003efd4       0x78 C:\Users\syp\AppData\Local\Temp\VMicroBuilds\spider\Intel_intel_arc32_arduino_101\CurieBLE\internal\ble_client.c.o
                0x4003efd4                ble_client_gatts_set_attribute_value
 .text.ble_client_gatts_send_notif_ind
                0x4003f04c       0x9c C:\Users\syp\AppData\Local\Temp\VMicroBuilds\spider\Intel_intel_arc32_arduino_101\CurieBLE\internal\ble_client.c.o
                0x4003f04c                ble_client_gatts_send_notif_ind
 .text._ZN16VisualMicroDebug14outPacketStartEb
                0x4003f0e8       0x3c C:\Users\syp\AppData\Local\Temp\VMicroBuilds\spider\Intel_intel_arc32_arduino_101\VM_DBG\VM_DBG.cpp.o
                0x4003f0e8                VisualMicroDebug::outPacketStart(bool)
 .text._ZN16VisualMicroDebug14outPacketStartEv
                0x4003f124       0x10 C:\Users\syp\AppData\Local\Temp\VMicroBuilds\spider\Intel_intel_arc32_arduino_101\VM_DBG\VM_DBG.cpp.o
                0x4003f124                VisualMicroDebug::outPacketStart()
 .text._ZN16VisualMicroDebug4initEm
                0x4003f134       0x20 C:\Users\syp\AppData\Local\Temp\VMicroBuilds\spider\Intel_intel_arc32_arduino_101\VM_DBG\VM_DBG.cpp.o
                0x4003f134                VisualMicroDebug::init(unsigned long)
 .text._ZN16VisualMicroDebug5beginEP14CDCSerialClassm
                0x4003f154       0x48 C:\Users\syp\AppData\Local\Temp\VMicroBuilds\spider\Intel_intel_arc32_arduino_101\VM_DBG\VM_DBG.cpp.o
                0x4003f154                VisualMicroDebug::begin(CDCSerialClass*, unsigned long)
 .text._ZN16VisualMicroDebug16sendContinuedACKEh
                0x4003f19c       0x48 C:\Users\syp\AppData\Local\Temp\VMicroBuilds\spider\Intel_intel_arc32_arduino_101\VM_DBG\VM_DBG.cpp.o
                0x4003f19c                VisualMicroDebug::sendContinuedACK(unsigned char)
 .text._ZN16VisualMicroDebug9breakWaitEh
                0x4003f1e4       0x6c C:\Users\syp\AppData\Local\Temp\VMicroBuilds\spider\Intel_intel_arc32_arduino_101\VM_DBG\VM_DBG.cpp.o
                0x4003f1e4                VisualMicroDebug::breakWait(unsigned char)
 .text._ZN16VisualMicroDebug5startEbb
                0x4003f250       0x2c C:\Users\syp\AppData\Local\Temp\VMicroBuilds\spider\Intel_intel_arc32_arduino_101\VM_DBG\VM_DBG.cpp.o
                0x4003f250                VisualMicroDebug::start(bool, bool)
 .text._ZN7TwoWire5writeEh
                0x4003f27c       0x28 C:\Users\syp\AppData\Local\Temp\VMicroBuilds\spider\Intel_intel_arc32_arduino_101\Wire\Wire.cpp.o
                0x4003f27c                TwoWire::write(unsigned char)
 .text._ZN7TwoWire5writeEPKhj
                0x4003f2a4       0x44 C:\Users\syp\AppData\Local\Temp\VMicroBuilds\spider\Intel_intel_arc32_arduino_101\Wire\Wire.cpp.o
                0x4003f2a4                TwoWire::write(unsigned char const*, unsigned int)
 .text._ZN7TwoWire9availableEv
                0x4003f2e8       0x18 C:\Users\syp\AppData\Local\Temp\VMicroBuilds\spider\Intel_intel_arc32_arduino_101\Wire\Wire.cpp.o
                0x4003f2e8                TwoWire::available()
 .text._ZN7TwoWire4readEv
                0x4003f300       0x28 C:\Users\syp\AppData\Local\Temp\VMicroBuilds\spider\Intel_intel_arc32_arduino_101\Wire\Wire.cpp.o
                0x4003f300                TwoWire::read()
 .text._ZN7TwoWire4peekEv
                0x4003f328       0x20 C:\Users\syp\AppData\Local\Temp\VMicroBuilds\spider\Intel_intel_arc32_arduino_101\Wire\Wire.cpp.o
                0x4003f328                TwoWire::peek()
 .text._ZN7TwoWire5flushEv
                0x4003f348        0xc C:\Users\syp\AppData\Local\Temp\VMicroBuilds\spider\Intel_intel_arc32_arduino_101\Wire\Wire.cpp.o
                0x4003f348                TwoWire::flush()
 .text._ZN7TwoWireC2Ev
                0x4003f354       0x30 C:\Users\syp\AppData\Local\Temp\VMicroBuilds\spider\Intel_intel_arc32_arduino_101\Wire\Wire.cpp.o
                0x4003f354                TwoWire::TwoWire()
                0x4003f354                TwoWire::TwoWire()
 .text._GLOBAL__sub_I__ZN7TwoWireC2Ev
                0x4003f384       0x14 C:\Users\syp\AppData\Local\Temp\VMicroBuilds\spider\Intel_intel_arc32_arduino_101\Wire\Wire.cpp.o
 .text.soft_i2c_init
                0x4003f398       0x38 C:\Users\syp\AppData\Local\Temp\VMicroBuilds\spider\Intel_intel_arc32_arduino_101\soft_i2c.c.o
                0x4003f398                soft_i2c_init
 .text.soft_i2c_start
                0x4003f3d0       0x50 C:\Users\syp\AppData\Local\Temp\VMicroBuilds\spider\Intel_intel_arc32_arduino_101\soft_i2c.c.o
                0x4003f3d0                soft_i2c_start
 .text.soft_i2c_stop
                0x4003f420       0x3c C:\Users\syp\AppData\Local\Temp\VMicroBuilds\spider\Intel_intel_arc32_arduino_101\soft_i2c.c.o
                0x4003f420                soft_i2c_stop
 .text.soft_i2c_available
                0x4003f45c       0x14 C:\Users\syp\AppData\Local\Temp\VMicroBuilds\spider\Intel_intel_arc32_arduino_101\soft_i2c.c.o
                0x4003f45c                soft_i2c_available
 .text.soft_i2c_write_bit
                0x4003f470       0x40 C:\Users\syp\AppData\Local\Temp\VMicroBuilds\spider\Intel_intel_arc32_arduino_101\soft_i2c.c.o
                0x4003f470                soft_i2c_write_bit
 .text.soft_i2c_read_bit
                0x4003f4b0       0x44 C:\Users\syp\AppData\Local\Temp\VMicroBuilds\spider\Intel_intel_arc32_arduino_101\soft_i2c.c.o
                0x4003f4b0                soft_i2c_read_bit
 .text.soft_i2c_write
                0x4003f4f4       0x3c C:\Users\syp\AppData\Local\Temp\VMicroBuilds\spider\Intel_intel_arc32_arduino_101\soft_i2c.c.o
                0x4003f4f4                soft_i2c_write
 .text.soft_i2c_start_write
                0x4003f530       0x34 C:\Users\syp\AppData\Local\Temp\VMicroBuilds\spider\Intel_intel_arc32_arduino_101\soft_i2c.c.o
                0x4003f530                soft_i2c_start_write
 .text.soft_i2c_start_read
                0x4003f564       0x44 C:\Users\syp\AppData\Local\Temp\VMicroBuilds\spider\Intel_intel_arc32_arduino_101\soft_i2c.c.o
                0x4003f564                soft_i2c_start_read
 .text.soft_i2c_read
                0x4003f5a8       0x68 C:\Users\syp\AppData\Local\Temp\VMicroBuilds\spider\Intel_intel_arc32_arduino_101\soft_i2c.c.o
                0x4003f5a8                soft_i2c_read
 .text._ZN6I2Cdev9readBytesEhhhPht
                0x4003f610       0xd0 C:\Users\syp\AppData\Local\Temp\VMicroBuilds\spider\Intel_intel_arc32_arduino_101\I2Cdev.cpp.o
                0x4003f610                I2Cdev::readBytes(unsigned char, unsigned char, unsigned char, unsigned char*, unsigned short)
 .text._ZN6I2Cdev8readByteEhhPht
                0x4003f6e0       0x1c C:\Users\syp\AppData\Local\Temp\VMicroBuilds\spider\Intel_intel_arc32_arduino_101\I2Cdev.cpp.o
                0x4003f6e0                I2Cdev::readByte(unsigned char, unsigned char, unsigned char*, unsigned short)
 .text._ZN6I2Cdev7readBitEhhhPht
                0x4003f6fc       0x40 C:\Users\syp\AppData\Local\Temp\VMicroBuilds\spider\Intel_intel_arc32_arduino_101\I2Cdev.cpp.o
                0x4003f6fc                I2Cdev::readBit(unsigned char, unsigned char, unsigned char, unsigned char*, unsigned short)
 .text._ZN6I2Cdev8readBitsEhhhhPht
                0x4003f73c       0x50 C:\Users\syp\AppData\Local\Temp\VMicroBuilds\spider\Intel_intel_arc32_arduino_101\I2Cdev.cpp.o
                0x4003f73c                I2Cdev::readBits(unsigned char, unsigned char, unsigned char, unsigned char, unsigned char*, unsigned short)
 .text._ZN6I2Cdev10writeBytesEhhhPh
                0x4003f78c       0x44 C:\Users\syp\AppData\Local\Temp\VMicroBuilds\spider\Intel_intel_arc32_arduino_101\I2Cdev.cpp.o
                0x4003f78c                I2Cdev::writeBytes(unsigned char, unsigned char, unsigned char, unsigned char*)
 .text._ZN6I2Cdev9writeByteEhhh
                0x4003f7d0       0x24 C:\Users\syp\AppData\Local\Temp\VMicroBuilds\spider\Intel_intel_arc32_arduino_101\I2Cdev.cpp.o
                0x4003f7d0                I2Cdev::writeByte(unsigned char, unsigned char, unsigned char)
 .text._ZN6I2Cdev8writeBitEhhhh
                0x4003f7f4       0x64 C:\Users\syp\AppData\Local\Temp\VMicroBuilds\spider\Intel_intel_arc32_arduino_101\I2Cdev.cpp.o
                0x4003f7f4                I2Cdev::writeBit(unsigned char, unsigned char, unsigned char, unsigned char)
 .text._ZN6I2Cdev9writeBitsEhhhhh
                0x4003f858       0x7c C:\Users\syp\AppData\Local\Temp\VMicroBuilds\spider\Intel_intel_arc32_arduino_101\I2Cdev.cpp.o
                0x4003f858                I2Cdev::writeBits(unsigned char, unsigned char, unsigned char, unsigned char, unsigned char)
 .text._ZN6I2Cdev10writeWordsEhhhPt
                0x4003f8d4       0x54 C:\Users\syp\AppData\Local\Temp\VMicroBuilds\spider\Intel_intel_arc32_arduino_101\I2Cdev.cpp.o
                0x4003f8d4                I2Cdev::writeWords(unsigned char, unsigned char, unsigned char, unsigned short*)
 .text._ZN6I2Cdev9writeWordEhht
                0x4003f928       0x24 C:\Users\syp\AppData\Local\Temp\VMicroBuilds\spider\Intel_intel_arc32_arduino_101\I2Cdev.cpp.o
                0x4003f928                I2Cdev::writeWord(unsigned char, unsigned char, unsigned short)
 .text._ZN7MPU6050C2Ev
                0x4003f94c       0x10 C:\Users\syp\AppData\Local\Temp\VMicroBuilds\spider\Intel_intel_arc32_arduino_101\MPU6050.cpp.o
                0x4003f94c                MPU6050::MPU6050()
                0x4003f94c                MPU6050::MPU6050()
 .text._ZN7MPU60507setRateEh
                0x4003f95c       0x14 C:\Users\syp\AppData\Local\Temp\VMicroBuilds\spider\Intel_intel_arc32_arduino_101\MPU6050.cpp.o
                0x4003f95c                MPU6050::setRate(unsigned char)
 .text._ZN7MPU605020setExternalFrameSyncEh
                0x4003f970       0x1c C:\Users\syp\AppData\Local\Temp\VMicroBuilds\spider\Intel_intel_arc32_arduino_101\MPU6050.cpp.o
                0x4003f970                MPU6050::setExternalFrameSync(unsigned char)
 .text._ZN7MPU605011setDLPFModeEh
                0x4003f98c       0x1c C:\Users\syp\AppData\Local\Temp\VMicroBuilds\spider\Intel_intel_arc32_arduino_101\MPU6050.cpp.o
                0x4003f98c                MPU6050::setDLPFMode(unsigned char)
 .text._ZN7MPU605021setFullScaleGyroRangeEh